0x1 (POWERON_RESET),boot:0x13 (SPI_FAST_FLASH_BOOT)
configsip: 0, SPIWP:0xee
clk_drv:0x00,q_drv:0x00,d_drv:0x00,cs0_dï¿½ets Jul 29 2019 12:21:46

rst:0x1 (POWERON_RESET),boot:0x13 (SPI_FAST_FLASH_BOOT)
configsip: 0, SPIWP:0xee
clk_drv:0x00,q_drv:0x00,d_drv:0x00,cs0_drv:0x00,hd_drv:0x00,wp_drv:0x00
mode:DIO, clock div:2
load:0x3fff0030,len:7176
load:0x40078000,len:15564
ho 0 tail 12 room 4
load:0x40080400,len:4
load:0x40080404,len:3904
entry 0x40080640
[0;32mI (31) boot: ESP-IDF v5.3.1-dirty 2nd stage bootloader[0m
[0;32mI (31) boot: compile time Mar  4 2025 21:06:48[0m
[0;32mI (31) boot: Multicore bootloader[0m
[0;32mI (36) boot: chip revision: v3.0[0m
[0;32mI (40) boot.esp32: SPI Speed      : 40MHz[0m
[0;32mI (44) boot.esp32: SPI Mode       : DIO[0m
[0;32mI (49) boot.esp32: SPI Flash Size : 2MB[0m
[0;32mI (53) boot: Enabling RNG early entropy source...[0m
[0;32mI (59) boot: Partition Table:[0m
[0;32mI (62) boot: ## Label            Usage          Type ST Offset   Length[0m
[0;32mI (70) boot:  0 nvs              WiFi data        01 02 00009000 00006000[0m
[0;32mI (77) boot:  1 phy_init         RF data          01 01 0000f000 00001000[0m
[0;32mI (85) boot:  2 factory          factory app      00 00 00010000 00100000[0m
[0;32mI (92) boot: End of partition table[0m
[0;32mI (96) esp_image: segment 0: paddr=00010020 vaddr=3f400020 size=23e10h (146960) map[0m
[0;32mI (155) esp_image: segment 1: paddr=00033e38 vaddr=3ffb0000 size=03ff0h ( 16368) load[0m
[0;32mI (161) esp_image: segment 2: paddr=00037e30 vaddr=40080000 size=081e8h ( 33256) load[0m
[0;32mI (175) esp_image: segment 3: paddr=00040020 vaddr=400d0020 size=965c4h (615876) map[0m
[0;32mI (386) esp_image: segment 4: paddr=000d65ec vaddr=400881e8 size=108c8h ( 67784) load[0m
[0;32mI (425) boot: Loaded app from partition at offset 0x10000[0m
[0;32mI (425) boot: Disabling RNG early entropy source...[0m
[0;32mI (437) cpu_start: Multicore app[0m
[0;32mI (446) cpu_start: Pro cpu start user code[0m
[0;32mI (446) cpu_start: cpu freq: 160000000 Hz[0m
[0;32mI (446) app_init: Application information:[0m
[0;32mI (449) app_init: Project name:     main[0m
[0;32mI (453) app_init: App version:      1[0m
[0;32mI (458) app_init: Compile time:     Mar  4 2025 21:05:29[0m
[0;32mI (463) app_init: ELF file SHA256:  bb00165b1...[0m
[0;32mI (469) app_init: ESP-IDF:          v5.3.1-dirty[0m
[0;32mI (474) efuse_init: Min chip rev:     v0.0[0m
[0;32mI (479) efuse_init: Max chip rev:     v3.99 [0m
[0;32mI (484) efuse_init: Chip rev:         v3.0[0m
[0;32mI (489) heap_init: Initializing. RAM available for dynamic allocation:[0m
[0;32mI (496) heap_init: At 3FFAE6E0 len 00001920 (6 KiB): DRAM[0m
[0;32mI (502) heap_init: At 3FFB8330 len 00027CD0 (159 KiB): DRAM[0m
[0;32mI (508) heap_init: At 3FFE0440 len 00003AE0 (14 KiB): D/IRAM[0m
[0;32mI (514) heap_init: At 3FFE4350 len 0001BCB0 (111 KiB): D/IRAM[0m
[0;32mI (521) heap_init: At 40098AB0 len 00007550 (29 KiB): IRAM[0m
[0;32mI (529) spi_flash: detected chip: generic[0m
[0;32mI (532) spi_flash: flash io: dio[0m
[0;33mW (536) spi_flash: Detected size(4096k) larger than the size in the binary image header(2048k). Using the size in the binary image header.[0m
[0;33mW (549) i2c: This driver is an old driver, please migrate your application code to adapt `driver/i2c_master.h`[0m
[0;32mI (560) main_task: Started on CPU0[0m
[0;32mI (570) main_task: Calling app_main()[0m
I (610) wifi:wifi driver task: 3ffc01b4, prio:23, stack:6656, core=0
I (620) wifi:wifi firmware version: ccaebfa
I (620) wifi:wifi certification version: v7.0
I (620) wifi:config NVS flash: enabled
I (620) wifi:config nano formating: disabled
I (630) wifi:Init data frame dynamic rx buffer num: 32
I (630) wifi:Init static rx mgmt buffer num: 5
I (640) wifi:Init management short buffer num: 32
I (640) wifi:Init dynamic tx buffer num: 32
I (650) wifi:Init static rx buffer size: 1600
I (650) wifi:Init static rx buffer num: 10
I (650) wifi:Init dynamic rx buffer num: 32
[0;32mI (660) wifi_init: rx ba win: 6[0m
[0;32mI (660) wifi_init: accept mbox: 6[0m
[0;32mI (660) wifi_init: tcpip mbox: 32[0m
[0;32mI (670) wifi_init: udp mbox: 6[0m
[0;32mI (670) wifi_init: tcp mbox: 6[0m
[0;32mI (680) wifi_init: tcp tx win: 5760[0m
[0;32mI (680) wifi_init: tcp rx win: 5760[0m
[0;32mI (680) wifi_init: tcp mss: 1440[0m
[0;32mI (690) wifi_init: WiFi IRAM OP enabled[0m
[0;32mI (690) wifi_init: WiFi RX IRAM OP enabled[0m
W (700) wifi:Password length matches WPA2 standards, authmode threshold changes from OPEN to WPA2
[0;32mI (710) phy_init: phy_version 4830,54550f7,Jun 20 2024,14:22:08[0m
I (800) wifi:mode : sta (30:c6:f7:44:e2:48)
I (800) wifi:enable tsf
I (810) wifi:new:<1,0>, old:<1,0>, ap:<255,255>, sta:<1,0>, prof:1, snd_ch_cfg:0x0
I (810) wifi:state: init -> auth (0xb0)
I (820) wifi:state: auth -> assoc (0x0)
I (830) wifi:state: assoc -> run (0x10)
I (850) wifi:connected with MSWifi, aid = 2, channel 1, BW20, bssid = 50:88:11:e0:2d:c6
I (850) wifi:security: WPA2-PSK, phy: bgn, rssi: -46
I (860) wifi:pm start, type: 1

I (860) wifi:dp: 1, bi: 102400, li: 3, scale listen interval from 307200 us to 307200 us
I (870) wifi:<ba-add>idx:0 (ifx:0, 50:88:11:e0:2d:c6), tid:0, ssn:0, winSize:64
I (880) wifi:AP's beacon interval = 102400 us, DTIM period = 1
I (1100) wifi:<ba-add>idx:1 (ifx:0, 50:88:11:e0:2d:c6), tid:6, ssn:2, winSize:64
[0;32mI (1270) ESP32_DRONE: Motors Disarmed[0m
[0;32mI (1270) main_task: Returned from app_main()[0m
[0;32mI (1870) esp_netif_handlers: sta ip: 192.168.5.108, mask: 255.255.255.0, gw: 192.168.5.1[0m
[0;32mI (1870) ESP32_DRONE: ESP32 IP Address: 20.95.252.63[0m
[0;32mI (2270) ESP32_DRONE: Motors Disarmed[0m
[0;32mI (3270) ESP32_DRONE: Motors Disarmed[0m
[0;32mI (4270) ESP32_DRONE: Motors Disarmed[0m
[0;32mI (5270) ESP32_DRONE: Motors Disarmed[0m
[0;32mI (6270) ESP32_DRONE: Motors Disarmed[0m
[0;32mI (7270) ESP32_DRONE: Motors Disarmed[0m
[0;32mI (8270) ESP32_DRONE: Motors Disarmed[0m
[0;32mI (9270) ESP32_DRONE: Motors Disarmed[0m
[0;32mI (10270) ESP32_DRONE: Motor 1: 1006.83, Motor 2: 1002.66, Motor 3: 1000.00, Motor 4: 1000.00[0m
[0;32mI (11270) ESP32_DRONE: Motor 1: 1011.82, Motor 2: 1001.22, Motor 3: 1000.00, Motor 4: 1000.00[0m
[0;32mI (12270) ESP32_DRONE: Motor 1: 1005.14, Motor 2: 1000.07, Motor 3: 1000.00, Motor 4: 1000.00[0m
[0;32mI (13270) ESP32_DRONE: Motor 1: 1009.77, Motor 2: 1002.36, Motor 3: 1000.00, Motor 4: 1000.00[0m
[0;32mI (14270) ESP32_DRONE: Motor 1: 2000.00, Motor 2: 2000.00, Motor 3: 1988.47, Motor 4: 1999.32[0m
[0;32mI (15270) ESP32_DRONE: Motor 1: 2000.00, Motor 2: 2000.00, Motor 3: 1985.51, Motor 4: 1997.21[0m
[0;32mI (16270) ESP32_DRONE: Motor 1: 2000.00, Motor 2: 1999.53, Motor 3: 1991.71, Motor 4: 2000.00[0m
[0;32mI (17270) ESP32_DRONE: Motor 1: 2000.00, Motor 2: 1998.21, Motor 3: 1987.89, Motor 4: 2000.00[0m
[0;32mI (18270) ESP32_DRONE: Motor 1: 2000.00, Motor 2: 1998.48, Motor 3: 1985.11, Motor 4: 2000.00[0m
[0;32mI (19270) ESP32_DRONE: Motor 1: 2000.00, Motor 2: 2000.00, Motor 3: 1989.48, Motor 4: 2000.00[0m
[0;32mI (20270) ESP32_DRONE: Motor 1: 2000.00, Motor 2: 1998.88, Motor 3: 1982.99, Motor 4: 2000.00[0m
[0;32mI (21270) ESP32_DRONE: Motor 1: 2000.00, Motor 2: 1998.45, Motor 3: 1980.62, Motor 4: 2000.00[0m
[0;32mI (22270) ESP32_DRONE: Motor 1: 2000.00, Motor 2: 1995.94, Motor 3: 1983.67, Motor 4: 2000.00[0m
[0;32mI (23270) ESP32_DRONE: Motor 1: 2000.00, Motor 2: 1995.75, Motor 3: 1984.47, Motor 4: 2000.00[0m
[0;32mI (24270) ESP32_DRONE: Motor 1: 2000.00, Motor 2: 1997.24, Motor 3: 1987.22, Motor 4: 2000.00[0m
[0;32mI (25270) ESP32_DRONE: Motor 1: 1956.56, Motor 2: 1940.29, Motor 3: 2000.00, Motor 4: 2000.00[0m
[0;32mI (26270) ESP32_DRONE: Motor 1: 1988.95, Motor 2: 1971.13, Motor 3: 2000.00, Motor 4: 2000.00[0m
[0;32mI (27270) ESP32_DRONE: Motor 1: 1987.69, Motor 2: 1969.12, Motor 3: 2000.00, Motor 4: 2000.00[0m
[0;32mI (28270) ESP32_DRONE: Motor 1: 1983.03, Motor 2: 1968.92, Motor 3: 2000.00, Motor 4: 2000.00[0m
[0;32mI (29270) ESP32_DRONE: Motor 1: 1985.34, Motor 2: 1968.25, Motor 3: 2000.00, Motor 4: 2000.00[0m
[0;32mI (30270) ESP32_DRONE: Motor 1: 1983.41, Motor 2: 1968.39, Motor 3: 2000.00, Motor 4: 2000.00[0m
[0;32mI (31270) ESP32_DRONE: Motor 1: 1985.43, Motor 2: 1967.50, Motor 3: 2000.00, Motor 4: 2000.00[0m
[0;32mI (32270) ESP32_DRONE: Motor 1: 1988.03, Motor 2: 1967.38, Motor 3: 2000.00, Motor 4: 2000.00[0m
[0;32mI (33270) ESP32_DRONE: Motor 1: 1483.04, Motor 2: 1466.44, Motor 3: 1516.96, Motor 4: 1533.56[0m
[0;32mI (34270) ESP32_DRONE: Motor 1: 2000.00, Motor 2: 2000.00, Motor 3: 1962.13, Motor 4: 1977.77[0m
[0;32mI (35270) ESP32_DRONE: Motor 1: 2000.00, Motor 2: 2000.00, Motor 3: 1938.76, Motor 4: 1955.72[0m
[0;32mI (36270) ESP32_DRONE: Motor 1: 2000.00, Motor 2: 2000.00, Motor 3: 1969.91, Motor 4: 1986.21[0m
[0;32mI (37270) ESP32_DRONE: Motor 1: 2000.00, Motor 2: 1898.52, Motor 3: 1965.83, Motor 4: 2000.00[0m
[0;32mI (38270) ESP32_DRONE: Motor 1: 2000.00, Motor 2: 1959.58, Motor 3: 1969.43, Motor 4: 2000.00[0m
[0;32mI (39270) ESP32_DRONE: Motor 1: 2000.00, Motor 2: 1959.92, Motor 3: 1968.94, Motor 4: 2000.00[0m
[0;32mI (40270) ESP32_DRONE: Motor 1: 2000.00, Motor 2: 1958.48, Motor 3: 1970.23, Motor 4: 2000.00[0m
[0;32mI (41270) ESP32_DRONE: Motor 1: 2000.00, Motor 2: 1956.19, Motor 3: 1965.83, Motor 4: 2000.00[0m
[0;32mI (42270) ESP32_DRONE: Motor 1: 2000.00, Motor 2: 1955.63, Motor 3: 1969.44, Motor 4: 2000.00[0m
[0;32mI (43270) ESP32_DRONE: Motor 1: 2000.00, Motor 2: 1955.16, Motor 3: 1965.83, Motor 4: 2000.00[0m
[0;32mI (44270) ESP32_DRONE: Motor 1: 2000.00, Motor 2: 1957.42, Motor 3: 1961.84, Motor 4: 2000.00[0m
[0;32mI (45270) ESP32_DRONE: Motor 1: 2000.00, Motor 2: 1956.62, Motor 3: 1957.41, Motor 4: 2000.00[0m
[0;32mI (46270) ESP32_DRONE: Motor 1: 2000.00, Motor 2: 1955.30, Motor 3: 1957.52, Motor 4: 2000.00[0m
[0;32mI (47270) ESP32_DRONE: Motor 1: 2000.00, Motor 2: 1956.79, Motor 3: 1955.57, Motor 4: 2000.00[0m
[0;32mI (48270) ESP32_DRONE: Motor 1: 1925.15, Motor 2: 2000.00, Motor 3: 2000.00, Motor 4: 1921.83[0m
[0;32mI (49270) ESP32_DRONE: Motor 1: 1985.50, Motor 2: 2000.00, Motor 3: 2000.00, Motor 4: 1987.41[0m
[0;32mI (50270) ESP32_DRONE: Motor 1: 1994.25, Motor 2: 2000.00, Motor 3: 2000.00, Motor 4: 1988.44[0m
[0;32mI (51270) ESP32_DRONE: Motor 1: 1986.12, Motor 2: 2000.00, Motor 3: 2000.00, Motor 4: 1988.33[0m
[0;32mI (52270) ESP32_DRONE: Motor 1: 1545.84, Motor 2: 1451.95, Motor 3: 1454.16, Motor 4: 1548.05[0m
[0;32mI (53270) ESP32_DRONE: Motor 1: 1511.57, Motor 2: 1481.14, Motor 3: 1488.43, Motor 4: 1518.86[0m
