0, SPIWP:0xee
clk_drv:0x00,q_drv:0x00,d_drv:0x00,cs0_drv:0x00,hd_drï¿½ets Jul 29 2019 12:21:46

rst:0x1 (POWERON_RESET),boot:0x13 (SPI_FAST_FLASH_BOOT)
configsip: 0, SPIWP:0xee
clk_drv:0x00,q_drv:0x00,d_drv:0x00,cs0_drv:0x00,hd_drv:0x00,wp_drv:0x00
mode:DIO, clock div:2
load:0x3fff0030,len:7176
load:0x40078000,len:15564
ho 0 tail 12 room 4
load:0x40080400,len:4
load:0x40080404,len:3904
entry 0x40080640
[0;32mI (31) boot: ESP-IDF v5.3.1-dirty 2nd stage bootloader[0m
[0;32mI (31) boot: compile time Mar  4 2025 21:06:48[0m
[0;32mI (31) boot: Multicore bootloader[0m
[0;32mI (36) boot: chip revision: v3.0[0m
[0;32mI (40) boot.esp32: SPI Speed      : 40MHz[0m
[0;32mI (44) boot.esp32: SPI Mode       : DIO[0m
[0;32mI (49) boot.esp32: SPI Flash Size : 2MB[0m
[0;32mI (53) boot: Enabling RNG early entropy source...[0m
[0;32mI (59) boot: Partition Table:[0m
[0;32mI (62) boot: ## Label            Usage          Type ST Offset   Length[0m
[0;32mI (70) boot:  0 nvs              WiFi data        01 02 00009000 00006000[0m
[0;32mI (77) boot:  1 phy_init         RF data          01 01 0000f000 00001000[0m
[0;32mI (85) boot:  2 factory          factory app      00 00 00010000 00100000[0m
[0;32mI (92) boot: End of partition table[0m
[0;32mI (96) esp_image: segment 0: paddr=00010020 vaddr=3f400020 size=23d08h (146696) map[0m
[0;32mI (155) esp_image: segment 1: paddr=00033d30 vaddr=3ffb0000 size=03fc0h ( 16320) load[0m
[0;32mI (161) esp_image: segment 2: paddr=00037cf8 vaddr=40080000 size=08320h ( 33568) load[0m
[0;32mI (175) esp_image: segment 3: paddr=00040020 vaddr=400d0020 size=94804h (608260) map[0m
[0;32mI (383) esp_image: segment 4: paddr=000d482c vaddr=40088320 size=10790h ( 67472) load[0m
[0;32mI (422) boot: Loaded app from partition at offset 0x10000[0m
[0;32mI (423) boot: Disabling RNG early entropy source...[0m
[0;32mI (434) cpu_start: Multicore app[0m
[0;32mI (443) cpu_start: Pro cpu start user code[0m
[0;32mI (443) cpu_start: cpu freq: 160000000 Hz[0m
[0;32mI (443) app_init: Application information:[0m
[0;32mI (446) app_init: Project name:     main[0m
[0;32mI (450) app_init: App version:      1[0m
[0;32mI (455) app_init: Compile time:     Mar  4 2025 21:05:29[0m
[0;32mI (461) app_init: ELF file SHA256:  bb6441897...[0m
[0;32mI (466) app_init: ESP-IDF:          v5.3.1-dirty[0m
[0;32mI (471) efuse_init: Min chip rev:     v0.0[0m
[0;32mI (476) efuse_init: Max chip rev:     v3.99 [0m
[0;32mI (481) efuse_init: Chip rev:         v3.0[0m
[0;32mI (486) heap_init: Initializing. RAM available for dynamic allocation:[0m
[0;32mI (493) heap_init: At 3FFAE6E0 len 00001920 (6 KiB): DRAM[0m
[0;32mI (499) heap_init: At 3FFB8270 len 00027D90 (159 KiB): DRAM[0m
[0;32mI (505) heap_init: At 3FFE0440 len 00003AE0 (14 KiB): D/IRAM[0m
[0;32mI (512) heap_init: At 3FFE4350 len 0001BCB0 (111 KiB): D/IRAM[0m
[0;32mI (518) heap_init: At 40098AB0 len 00007550 (29 KiB): IRAM[0m
[0;32mI (526) spi_flash: detected chip: generic[0m
[0;32mI (529) spi_flash: flash io: dio[0m
[0;33mW (533) spi_flash: Detected size(4096k) larger than the size in the binary image header(2048k). Using the size in the binary image header.[0m
[0;33mW (546) i2c: This driver is an old driver, please migrate your application code to adapt `driver/i2c_master.h`[0m
[0;32mI (558) main_task: Started on CPU0[0m
[0;32mI (568) main_task: Calling app_main()[0m
I (608) wifi:wifi driver task: 3ffc0014, prio:23, stack:6656, core=0
I (618) wifi:wifi firmware version: ccaebfa
I (618) wifi:wifi certification version: v7.0
I (618) wifi:config NVS flash: enabled
I (618) wifi:config nano formating: disabled
I (628) wifi:Init data frame dynamic rx buffer num: 32
I (628) wifi:Init static rx mgmt buffer num: 5
I (628) wifi:Init management short buffer num: 32
I (638) wifi:Init dynamic tx buffer num: 32
I (638) wifi:Init static rx buffer size: 1600
I (648) wifi:Init static rx buffer num: 10
I (648) wifi:Init dynamic rx buffer num: 32
[0;32mI (658) wifi_init: rx ba win: 6[0m
[0;32mI (658) wifi_init: accept mbox: 6[0m
[0;32mI (658) wifi_init: tcpip mbox: 32[0m
[0;32mI (668) wifi_init: udp mbox: 6[0m
[0;32mI (668) wifi_init: tcp mbox: 6[0m
[0;32mI (668) wifi_init: tcp tx win: 5760[0m
[0;32mI (678) wifi_init: tcp rx win: 5760[0m
[0;32mI (678) wifi_init: tcp mss: 1440[0m
[0;32mI (688) wifi_init: WiFi IRAM OP enabled[0m
[0;32mI (688) wifi_init: WiFi RX IRAM OP enabled[0m
W (698) wifi:Password length matches WPA2 standards, authmode threshold changes from OPEN to WPA2
[0;32mI (718) phy_init: phy_version 4830,54550f7,Jun 20 2024,14:22:08[0m
[0;33mW (718) phy_init: failed to load RF calibration data (0x1102), falling back to full calibration[0m
[0;33mW (798) phy_init: saving new calibration data because of checksum failure, mode(2)[0m
I (828) wifi:mode : sta (c8:f0:9e:f2:90:78)
I (828) wifi:enable tsf
[0;32mI (838) NETWORK: Connecting to WiFi...[0m
[0;32mI (838) NETWORK: Waiting for IP address...[0m
I (2198) wifi:new:<10,0>, old:<1,0>, ap:<255,255>, sta:<10,0>, prof:1, snd_ch_cfg:0x0
I (2208) wifi:state: init -> auth (0xb0)
I (2208) wifi:state: auth -> assoc (0x0)
I (2218) wifi:state: assoc -> run (0x10)
I (2218) wifi:<ba-add>idx:0 (ifx:0, a0:65:18:c4:b3:8d), tid:0, ssn:0, winSize:64
I (2238) wifi:connected with Van Vuong, aid = 6, channel 10, BW20, bssid = a0:65:18:c4:b3:8d
I (2238) wifi:security: WPA2-PSK, phy: bgn, rssi: -59
I (2358) wifi:pm start, type: 1

I (2358) wifi:dp: 1, bi: 102400, li: 3, scale listen interval from 307200 us to 307200 us
I (2368) wifi:AP's beacon interval = 102400 us, DTIM period = 1
[0;32mI (3368) esp_netif_handlers: sta ip: 192.168.1.11, mask: 255.255.255.0, gw: 192.168.1.1[0m
[0;32mI (3368) NETWORK: ESP32 IP Address: 116.93.252.63[0m
[0;32mI (5838) ESP_NOW_RECEIVER: Web Server started, ready to receive joystick data.[0m
[0;32mI (5838) ESP_NOW_RECEIVER: Motor 1: 1000.00, Motor 2: 1000.00, Motor 3: 1000.00, Motor 4: 1000.00[0m
[0;32mI (6838) ESP_NOW_RECEIVER: Motor 1: 1498.04, Motor 2: 1498.04, Motor 3: 1498.04, Motor 4: 1498.04[0m
[0;32mI (7838) ESP_NOW_RECEIVER: Motor 1: 1498.04, Motor 2: 1498.04, Motor 3: 1498.04, Motor 4: 1498.04[0m
[0;32mI (8838) ESP_NOW_RECEIVER: Motor 1: 1498.04, Motor 2: 1498.04, Motor 3: 1498.04, Motor 4: 1498.04[0m
[0;32mI (9838) ESP_NOW_RECEIVER: Motor 1: 1000.00, Motor 2: 1000.00, Motor 3: 1000.00, Motor 4: 1000.00[0m
[0;31mE (10828) task_wdt: Task watchdog got triggered. The following tasks/users did not reset the watchdog in time:[0m
[0;31mE (10828) task_wdt:  - IDLE0 (CPU 0)[0m
[0;31mE (10828) task_wdt: Tasks currently running:[0m
[0;31mE (10828) task_wdt: CPU 0: wifi[0m
[0;31mE (10828) task_wdt: CPU 1: IDLE1[0m
[0;31mE (10828) task_wdt: Print CPU 0 (current core) backtrace[0m


Backtrace: 0x400D9697:0x3FFB1F40 0x400D9A5C:0x3FFB1F60 0x4008345D:0x3FFB1F90 0x4000BFED:0x3FFBFCE0 0x4008B6CB:0x3FFBFCF0 0x4008FC86:0x3FFBFD10 0x4008FCD2:0x3FFBFD30 0x4008233D:0x3FFBFD50 0x40082449:0x3FFBFD70 0x40082479:0x3FFBFDA0 0x40082138:0x3FFBFDC0 0x4008216D:0x3FFBFDE0 0x400929D9:0x3FFBFE00 0x4011C73C:0x3FFBFE20 0x4012EEF6:0x3FFBFE40 0x4012EE4E:0x3FFBFE60 0x4015C259:0x3FFBFE80 0x4008A7E9:0x3FFBFEA0 0x400925E6:0x3FFBFEC0 0x400926A1:0x3FFBFF10 0x40096A9D:0x3FFBFF30 0x40094400:0x3FFBFF50 0x4008B30D:0x3FFBFF80

[0;32mI (10898) ESP_NOW_RECEIVER: Motor 1: 1000.00, Motor 2: 1000.00, Motor 3: 1000.00, Motor 4: 1000.00[0m
[0;32mI (11898) ESP_NOW_RECEIVER: Motor 1: 1000.00, Motor 2: 1000.00, Motor 3: 1000.00, Motor 4: 1000.00[0m
[0;32mI (12898) ESP_NOW_RECEIVER: Motor 1: 1000.00, Motor 2: 1000.00, Motor 3: 1000.00, Motor 4: 1000.00[0m
[0;32mI (13898) ESP_NOW_RECEIVER: Motor 1: 1498.04, Motor 2: 1498.04, Motor 3: 1498.04, Motor 4: 1498.04[0m
[0;32mI (14898) ESP_NOW_RECEIVER: Motor 1: 2000.00, Motor 2: 2000.00, Motor 3: 2000.00, Motor 4: 2000.00[0m
[0;31mE (15828) task_wdt: Task watchdog got triggered. The following tasks/users did not reset the watchdog in time:[0m
[0;31mE (15828) task_wdt:  - IDLE0 (CPU 0)[0m
[0;31mE (15828) task_wdt: Tasks currently running:[0m
[0;31mE (15828) task_wdt: CPU 0: control_loop[0m
[0;31mE (15828) task_wdt: CPU 1: IDLE1[0m
[0;31mE (15828) task_wdt: Print CPU 0 (current core) backtrace[0m


Backtrace: 0x400D9697:0x3FFB1F40 0x400D9A5C:0x3FFB1F60 0x4008345D:0x3FFB1F90 0x400D79ED:0x3FFC9DB0 0x4008B30D:0x3FFC9DD0

[0;32mI (15898) ESP_NOW_RECEIVER: Motor 1: 2000.00, Motor 2: 2000.00, Motor 3: 2000.00, Motor 4: 2000.00[0m
[0;32mI (16898) ESP_NOW_RECEIVER: Motor 1: 2000.00, Motor 2: 2000.00, Motor 3: 2000.00, Motor 4: 2000.00[0m
[0;32mI (17898) ESP_NOW_RECEIVER: Motor 1: 2000.00, Motor 2: 2000.00, Motor 3: 2000.00, Motor 4: 2000.00[0m
[0;32mI (18898) ESP_NOW_RECEIVER: Motor 1: 2000.00, Motor 2: 2000.00, Motor 3: 2000.00, Motor 4: 2000.00[0m
[0;32mI (19898) ESP_NOW_RECEIVER: Motor 1: 2000.00, Motor 2: 2000.00, Motor 3: 2000.00, Motor 4: 2000.00[0m
[0;31mE (20828) task_wdt: Task watchdog got triggered. The following tasks/users did not reset the watchdog in time:[0m
[0;31mE (20828) task_wdt:  - IDLE0 (CPU 0)[0m
[0;31mE (20828) task_wdt: Tasks currently running:[0m
[0;31mE (20828) task_wdt: CPU 0: control_loop[0m
[0;31mE (20828) task_wdt: CPU 1: IDLE1[0m
[0;31mE (20828) task_wdt: Print CPU 0 (current core) backtrace[0m


Backtrace: 0x400D9697:0x3FFB1F40 0x400D9A5C:0x3FFB1F60 0x4008345D:0x3FFB1F90 0x400D79CE:0x3FFC9DB0 0x4008B30D:0x3FFC9DD0

[0;32mI (20898) ESP_NOW_RECEIVER: Motor 1: 1000.00, Motor 2: 1000.00, Motor 3: 1000.00, Motor 4: 1000.00[0m
[0;32mI (21898) ESP_NOW_RECEIVER: Motor 1: 1000.00, Motor 2: 1000.00, Motor 3: 1000.00, Motor 4: 1000.00[0m
[0;32mI (22898) ESP_NOW_RECEIVER: Motor 1: 1000.00, Motor 2: 1000.00, Motor 3: 1000.00, Motor 4: 1000.00[0m
[0;32mI (23898) ESP_NOW_RECEIVER: Motor 1: 1000.00, Motor 2: 1000.00, Motor 3: 1000.00, Motor 4: 1000.00[0m
[0;32mI (24898) ESP_NOW_RECEIVER: Motor 1: 1000.00, Motor 2: 1000.00, Motor 3: 1000.00, Motor 4: 1000.00[0m
[0;31mE (25828) task_wdt: Task watchdog got triggered. The following tasks/users did not reset the watchdog in time:[0m
[0;31mE (25828) task_wdt:  - IDLE0 (CPU 0)[0m
[0;31mE (25828) task_wdt: Tasks currently running:[0m
[0;31mE (25828) task_wdt: CPU 0: control_loop[0m
[0;31mE (25828) task_wdt: CPU 1: IDLE1[0m
[0;31mE (25828) task_wdt: Print CPU 0 (current core) backtrace[0m


Backtrace: 0x400D9697:0x3FFB1F40 0x400D9A5C:0x3FFB1F60 0x4008345D:0x3FFB1F90 0x40082F11:0x3FFC9D70 0x40082F2F:0x3FFC9D90 0x400D79D4:0x3FFC9DB0 0x4008B30D:0x3FFC9DD0

[0;32mI (25898) ESP_NOW_RECEIVER: Motor 1: 1000.00, Motor 2: 1000.00, Motor 3: 1000.00, Motor 4: 1000.00[0m
[0;32mI (26898) ESP_NOW_RECEIVER: Motor 1: 1498.04, Motor 2: 1498.04, Motor 3: 1498.04, Motor 4: 1498.04[0m
