0x1 (POWERON_RESET),boot:0x13 (SPI_FAST_FLASH_BOOT)
configsip: 0, SPIWP:0xï¿½ets Jul 29 2019 12:21:46

rst:0x1 (POWERON_RESET),boot:0x13 (SPI_FAST_FLASH_BOOT)
configsip: 0, SPIWP:0xee
clk_drv:0x00,q_drv:0x00,d_drv:0x00,cs0_drv:0x00,hd_drv:0x00,wp_drv:0x00
mode:DIO, clock div:2
load:0x3fff0030,len:7176
load:0x40078000,len:15564
ho 0 tail 12 room 4
load:0x40080400,len:4
load:0x40080404,len:3904
entry 0x40080640
[0;32mI (31) boot: ESP-IDF v5.3.1-dirty 2nd stage bootloader[0m
[0;32mI (31) boot: compile time Mar  4 2025 21:06:48[0m
[0;32mI (31) boot: Multicore bootloader[0m
[0;32mI (36) boot: chip revision: v3.0[0m
[0;32mI (40) boot.esp32: SPI Speed      : 40MHz[0m
[0;32mI (44) boot.esp32: SPI Mode       : DIO[0m
[0;32mI (49) boot.esp32: SPI Flash Size : 2MB[0m
[0;32mI (53) boot: Enabling RNG early entropy source...[0m
[0;32mI (59) boot: Partition Table:[0m
[0;32mI (62) boot: ## Label            Usage          Type ST Offset   Length[0m
[0;32mI (70) boot:  0 nvs              WiFi data        01 02 00009000 00006000[0m
[0;32mI (77) boot:  1 phy_init         RF data          01 01 0000f000 00001000[0m
[0;32mI (85) boot:  2 factory          factory app      00 00 00010000 00100000[0m
[0;32mI (92) boot: End of partition table[0m
[0;32mI (96) esp_image: segment 0: paddr=00010020 vaddr=3f400020 size=23e10h (146960) map[0m
[0;32mI (155) esp_image: segment 1: paddr=00033e38 vaddr=3ffb0000 size=03ff0h ( 16368) load[0m
[0;32mI (161) esp_image: segment 2: paddr=00037e30 vaddr=40080000 size=081e8h ( 33256) load[0m
[0;32mI (175) esp_image: segment 3: paddr=00040020 vaddr=400d0020 size=965ach (615852) map[0m
[0;32mI (386) esp_image: segment 4: paddr=000d65d4 vaddr=400881e8 size=108c8h ( 67784) load[0m
[0;32mI (425) boot: Loaded app from partition at offset 0x10000[0m
[0;32mI (425) boot: Disabling RNG early entropy source...[0m
[0;32mI (437) cpu_start: Multicore app[0m
[0;32mI (446) cpu_start: Pro cpu start user code[0m
[0;32mI (446) cpu_start: cpu freq: 160000000 Hz[0m
[0;32mI (446) app_init: Application information:[0m
[0;32mI (449) app_init: Project name:     main[0m
[0;32mI (453) app_init: App version:      1[0m
[0;32mI (457) app_init: Compile time:     Mar  4 2025 21:05:29[0m
[0;32mI (463) app_init: ELF file SHA256:  b25e3cf05...[0m
[0;32mI (469) app_init: ESP-IDF:          v5.3.1-dirty[0m
[0;32mI (474) efuse_init: Min chip rev:     v0.0[0m
[0;32mI (479) efuse_init: Max chip rev:     v3.99 [0m
[0;32mI (484) efuse_init: Chip rev:         v3.0[0m
[0;32mI (489) heap_init: Initializing. RAM available for dynamic allocation:[0m
[0;32mI (496) heap_init: At 3FFAE6E0 len 00001920 (6 KiB): DRAM[0m
[0;32mI (502) heap_init: At 3FFB8330 len 00027CD0 (159 KiB): DRAM[0m
[0;32mI (508) heap_init: At 3FFE0440 len 00003AE0 (14 KiB): D/IRAM[0m
[0;32mI (514) heap_init: At 3FFE4350 len 0001BCB0 (111 KiB): D/IRAM[0m
[0;32mI (521) heap_init: At 40098AB0 len 00007550 (29 KiB): IRAM[0m
[0;32mI (529) spi_flash: detected chip: generic[0m
[0;32mI (532) spi_flash: flash io: dio[0m
[0;33mW (536) spi_flash: Detected size(4096k) larger than the size in the binary image header(2048k). Using the size in the binary image header.[0m
[0;33mW (549) i2c: This driver is an old driver, please migrate your application code to adapt `driver/i2c_master.h`[0m
[0;32mI (560) main_task: Started on CPU0[0m
[0;32mI (570) main_task: Calling app_main()[0m
[0;32mI (610) wifi:wifi driver task: 3ffc01b4, prio:23, stack:6656, core=0[0m
[0;32mI (620) wifi:wifi firmware version: ccaebfa[0m
[0;32mI (620) wifi:wifi certification version: v7.0[0m
[0;32mI (620) wifi:config NVS flash: enabled[0m
[0;32mI (620) wifi:config nano formating: disabled[0m
[0;32mI (630) wifi:Init data frame dynamic rx buffer num: 32[0m
[0;32mI (630) wifi:Init static rx mgmt buffer num: 5[0m
[0;32mI (640) wifi:Init management short buffer num: 32[0m
[0;32mI (640) wifi:Init dynamic tx buffer num: 32[0m
[0;32mI (650) wifi:Init static rx buffer size: 1600[0m
[0;32mI (650) wifi:Init static rx buffer num: 10[0m
[0;32mI (650) wifi:Init dynamic rx buffer num: 32[0m
[0;32mI (660) wifi_init: rx ba win: 6[0m
[0;32mI (660) wifi_init: accept mbox: 6[0m
[0;32mI (660) wifi_init: tcpip mbox: 32[0m
[0;32mI (670) wifi_init: udp mbox: 6[0m
[0;32mI (670) wifi_init: tcp mbox: 6[0m
[0;32mI (680) wifi_init: tcp tx win: 5760[0m
[0;32mI (680) wifi_init: tcp rx win: 5760[0m
[0;32mI (680) wifi_init: tcp mss: 1440[0m
[0;32mI (690) wifi_init: WiFi IRAM OP enabled[0m
[0;32mI (690) wifi_init: WiFi RX IRAM OP enabled[0m
[0;33mW (700) wifi:Password length matches WPA2 standards, authmode threshold changes from OPEN to WPA2[0m
[0;32mI (710) phy_init: phy_version 4830,54550f7,Jun 20 2024,14:22:08[0m
[0;32mI (800) wifi:mode : sta (c8:f0:9e:f2:90:78)[0m
[0;32mI (800) wifi:enable tsf[0m
[0;32mI (810) wifi:new:<10,0>, old:<1,0>, ap:<255,255>, sta:<10,0>, prof:1, snd_ch_cfg:0x0[0m
[0;32mI (820) wifi:state: init -> auth (0xb0)[0m
[0;32mI (820) wifi:state: auth -> assoc (0x0)[0m
[0;32mI (830) wifi:state: assoc -> run (0x10)[0m
[0;32mI (840) wifi:<ba-add>idx:0 (ifx:0, a0:65:18:c4:b3:8d), tid:0, ssn:0, winSize:64[0m
[0;32mI (860) wifi:connected with Van Vuong, aid = 4, channel 10, BW20, bssid = a0:65:18:c4:b3:8d[0m
[0;32mI (860) wifi:security: WPA2-PSK, phy: bgn, rssi: -56[0m
[0;32mI (860) wifi:pm start, type: 1[0m

[0;32mI (860) wifi:dp: 1, bi: 102400, li: 3, scale listen interval from 307200 us to 307200 us[0m
[0;32mI (950) wifi:AP's beacon interval = 102400 us, DTIM period = 1[0m
[0;32mI (1270) ESP32_DRONE: Motors Disarmed[0m
[0;32mI (1270) main_task: Returned from app_main()[0m
[0;32mI (1870) esp_netif_handlers: sta ip: 192.168.1.8, mask: 255.255.255.0, gw: 192.168.1.1[0m
[0;32mI (1870) ESP32_DRONE: ESP32 IP Address: 20.95.252.63[0m
[0;32mI (2270) ESP32_DRONE: Motors Disarmed[0m
[0;32mI (3270) ESP32_DRONE: Motors Disarmed[0m
[0;32mI (4270) ESP32_DRONE: Motors Disarmed[0m
[0;32mI (5270) ESP32_DRONE: Motors Disarmed[0m
[0;32mI (6270) ESP32_DRONE: Motors Disarmed[0m
[0;32mI (7270) ESP32_DRONE: Motor 1: 1499.58, Motor 2: 1501.32, Motor 3: 1500.42, Motor 4: 1498.68[0m
[0;32mI (8270) ESP32_DRONE: Motor 1: 1499.84, Motor 2: 1501.29, Motor 3: 1500.16, Motor 4: 1498.71[0m
[0;32mI (9270) ESP32_DRONE: Motor 1: 1499.90, Motor 2: 1501.72, Motor 3: 1500.10, Motor 4: 1498.28[0m
[0;32mI (10270) ESP32_DRONE: Motor 1: 1500.07, Motor 2: 1501.36, Motor 3: 1499.93, Motor 4: 1498.64[0m
[0;32mI (11270) ESP32_DRONE: Motor 1: 1499.87, Motor 2: 1501.77, Motor 3: 1500.13, Motor 4: 1498.23[0m
[0;32mI (12270) ESP32_DRONE: Motor 1: 1499.70, Motor 2: 1502.08, Motor 3: 1500.30, Motor 4: 1497.92[0m
[0;32mI (13270) ESP32_DRONE: Motor 1: 1499.97, Motor 2: 1501.27, Motor 3: 1500.03, Motor 4: 1498.73[0m
[0;32mI (14270) ESP32_DRONE: Motor 1: 1499.97, Motor 2: 1501.14, Motor 3: 1500.03, Motor 4: 1498.86[0m
[0;32mI (15270) ESP32_DRONE: Motor 1: 1498.79, Motor 2: 1500.27, Motor 3: 1501.21, Motor 4: 1499.73[0m
[0;32mI (16270) ESP32_DRONE: Motor 1: 1498.91, Motor 2: 1500.15, Motor 3: 1501.09, Motor 4: 1499.85[0m
[0;32mI (17270) ESP32_DRONE: Motor 1: 1498.97, Motor 2: 1501.05, Motor 3: 1501.03, Motor 4: 1498.95[0m
[0;32mI (18270) ESP32_DRONE: Motor 1: 1499.11, Motor 2: 1501.53, Motor 3: 1500.89, Motor 4: 1498.47[0m
[0;32mI (19270) ESP32_DRONE: Motor 1: 1499.20, Motor 2: 1501.08, Motor 3: 1500.80, Motor 4: 1498.92[0m
[0;32mI (20270) ESP32_DRONE: Motor 1: 1000.00, Motor 2: 1001.68, Motor 3: 1000.90, Motor 4: 1000.00[0m
[0;32mI (21270) ESP32_DRONE: Motor 1: 1000.00, Motor 2: 1001.27, Motor 3: 1000.87, Motor 4: 1000.00[0m
[0;32mI (22270) ESP32_DRONE: Motor 1: 1000.00, Motor 2: 1001.07, Motor 3: 1001.38, Motor 4: 1000.00[0m
[0;32mI (23270) ESP32_DRONE: Motor 1: 1498.79, Motor 2: 1500.78, Motor 3: 1501.21, Motor 4: 1499.22[0m
[0;32mI (24270) ESP32_DRONE: Motor 1: 1498.77, Motor 2: 1500.67, Motor 3: 1501.23, Motor 4: 1499.33[0m
[0;32mI (25270) ESP32_DRONE: Motor 1: 1499.24, Motor 2: 1501.28, Motor 3: 1500.76, Motor 4: 1498.72[0m
[0;32mI (26270) ESP32_DRONE: Motor 1: 1498.47, Motor 2: 1500.73, Motor 3: 1501.53, Motor 4: 1499.27[0m
[0;32mI (27270) ESP32_DRONE: Motor 1: 1498.54, Motor 2: 1500.33, Motor 3: 1501.46, Motor 4: 1499.67[0m
[0;32mI (28270) ESP32_DRONE: Motor 1: 1497.58, Motor 2: 1499.10, Motor 3: 1502.42, Motor 4: 1500.90[0m
[0;32mI (29270) ESP32_DRONE: Motor 1: 1498.55, Motor 2: 1500.83, Motor 3: 1501.45, Motor 4: 1499.17[0m
[0;32mI (30270) ESP32_DRONE: Motor 1: 1496.73, Motor 2: 1499.30, Motor 3: 1503.27, Motor 4: 1500.70[0m
[0;32mI (31270) ESP32_DRONE: Motor 1: 1498.50, Motor 2: 1501.13, Motor 3: 1501.50, Motor 4: 1498.87[0m
[0;32mI (32270) ESP32_DRONE: Motor 1: 1498.65, Motor 2: 1499.95, Motor 3: 1501.35, Motor 4: 1500.05[0m
[0;32mI (33270) ESP32_DRONE: Motor 1: 1498.26, Motor 2: 1500.81, Motor 3: 1501.74, Motor 4: 1499.19[0m
[0;32mI (34270) ESP32_DRONE: Motor 1: 1498.62, Motor 2: 1500.43, Motor 3: 1501.38, Motor 4: 1499.57[0m
