ets Jul 29 2019 12:21:46

rst:0x1 (POWERON_RESET),boot:0x13 (SPI_FAST_FLASH_BOOT)
configsip: 0, SPIWP:0xee
clk_drv:0x00,q_drv:0x00,d_drv:0x00,cs0_drv:0x00,hd_drv:0x00,wp_drv:0x00
modï¿½ets Jul 29 2019 12:21:46

rst:0x1 (POWERON_RESET),boot:0x13 (SPI_FAST_FLASH_BOOT)
configsip: 0, SPIWP:0xee
clk_drv:0x00,q_drv:0x00,d_drv:0x00,cs0_drv:0x00,hd_drv:0x00,wp_drv:0x00
mode:DIO, clock div:2
load:0x3fff0030,len:7176
load:0x40078000,len:15564
ho 0 tail 12 room 4
load:0x40080400,len:4
load:0x40080404,len:3904
entry 0x40080640
[0;32mI (31) boot: ESP-IDF v5.3.1-dirty 2nd stage bootloader[0m
[0;32mI (31) boot: compile time Mar  4 2025 21:06:48[0m
[0;32mI (31) boot: Multicore bootloader[0m
[0;32mI (36) boot: chip revision: v3.0[0m
[0;32mI (40) boot.esp32: SPI Speed      : 40MHz[0m
[0;32mI (44) boot.esp32: SPI Mode       : DIO[0m
[0;32mI (49) boot.esp32: SPI Flash Size : 2MB[0m
[0;32mI (53) boot: Enabling RNG early entropy source...[0m
[0;32mI (59) boot: Partition Table:[0m
[0;32mI (62) boot: ## Label            Usage          Type ST Offset   Length[0m
[0;32mI (70) boot:  0 nvs              WiFi data        01 02 00009000 00006000[0m
[0;32mI (77) boot:  1 phy_init         RF data          01 01 0000f000 00001000[0m
[0;32mI (85) boot:  2 factory          factory app      00 00 00010000 00100000[0m
[0;32mI (92) boot: End of partition table[0m
[0;32mI (96) esp_image: segment 0: paddr=00010020 vaddr=3f400020 size=23e10h (146960) map[0m
[0;32mI (155) esp_image: segment 1: paddr=00033e38 vaddr=3ffb0000 size=03ff0h ( 16368) load[0m
[0;32mI (161) esp_image: segment 2: paddr=00037e30 vaddr=40080000 size=081e8h ( 33256) load[0m
[0;32mI (175) esp_image: segment 3: paddr=00040020 vaddr=400d0020 size=965a0h (615840) map[0m
[0;32mI (386) esp_image: segment 4: paddr=000d65c8 vaddr=400881e8 size=108c8h ( 67784) load[0m
[0;32mI (425) boot: Loaded app from partition at offset 0x10000[0m
[0;32mI (425) boot: Disabling RNG early entropy source...[0m
[0;32mI (437) cpu_start: Multicore app[0m
[0;32mI (446) cpu_start: Pro cpu start user code[0m
[0;32mI (446) cpu_start: cpu freq: 160000000 Hz[0m
[0;32mI (446) app_init: Application information:[0m
[0;32mI (449) app_init: Project name:     main[0m
[0;32mI (453) app_init: App version:      1[0m
[0;32mI (457) app_init: Compile time:     Mar  4 2025 21:05:29[0m
[0;32mI (463) app_init: ELF file SHA256:  2fd545eb1...[0m
[0;32mI (469) app_init: ESP-IDF:          v5.3.1-dirty[0m
[0;32mI (474) efuse_init: Min chip rev:     v0.0[0m
[0;32mI (479) efuse_init: Max chip rev:     v3.99 [0m
[0;32mI (484) efuse_init: Chip rev:         v3.0[0m
[0;32mI (489) heap_init: Initializing. RAM available for dynamic allocation:[0m
[0;32mI (496) heap_init: At 3FFAE6E0 len 00001920 (6 KiB): DRAM[0m
[0;32mI (502) heap_init: At 3FFB8330 len 00027CD0 (159 KiB): DRAM[0m
[0;32mI (508) heap_init: At 3FFE0440 len 00003AE0 (14 KiB): D/IRAM[0m
[0;32mI (514) heap_init: At 3FFE4350 len 0001BCB0 (111 KiB): D/IRAM[0m
[0;32mI (521) heap_init: At 40098AB0 len 00007550 (29 KiB): IRAM[0m
[0;32mI (529) spi_flash: detected chip: generic[0m
[0;32mI (532) spi_flash: flash io: dio[0m
[0;33mW (536) spi_flash: Detected size(4096k) larger than the size in the binary image header(2048k). Using the size in the binary image header.[0m
[0;33mW (549) i2c: This driver is an old driver, please migrate your application code to adapt `driver/i2c_master.h`[0m
[0;32mI (560) main_task: Started on CPU0[0m
[0;32mI (570) main_task: Calling app_main()[0m
I (610) wifi:wifi driver task: 3ffc01b4, prio:23, stack:6656, core=0
I (620) wifi:wifi firmware version: ccaebfa
I (620) wifi:wifi certification version: v7.0
I (620) wifi:config NVS flash: enabled
I (620) wifi:config nano formating: disabled
I (630) wifi:Init data frame dynamic rx buffer num: 32
I (630) wifi:Init static rx mgmt buffer num: 5
I (640) wifi:Init management short buffer num: 32
I (640) wifi:Init dynamic tx buffer num: 32
I (650) wifi:Init static rx buffer size: 1600
I (650) wifi:Init static rx buffer num: 10
I (650) wifi:Init dynamic rx buffer num: 32
[0;32mI (660) wifi_init: rx ba win: 6[0m
[0;32mI (660) wifi_init: accept mbox: 6[0m
[0;32mI (660) wifi_init: tcpip mbox: 32[0m
[0;32mI (670) wifi_init: udp mbox: 6[0m
[0;32mI (670) wifi_init: tcp mbox: 6[0m
[0;32mI (680) wifi_init: tcp tx win: 5760[0m
[0;32mI (680) wifi_init: tcp rx win: 5760[0m
[0;32mI (680) wifi_init: tcp mss: 1440[0m
[0;32mI (690) wifi_init: WiFi IRAM OP enabled[0m
[0;32mI (690) wifi_init: WiFi RX IRAM OP enabled[0m
W (700) wifi:Password length matches WPA2 standards, authmode threshold changes from OPEN to WPA2
[0;32mI (710) phy_init: phy_version 4830,54550f7,Jun 20 2024,14:22:08[0m
I (800) wifi:mode : sta (30:c6:f7:44:e2:48)
I (800) wifi:enable tsf
I (810) wifi:new:<11,0>, old:<1,0>, ap:<255,255>, sta:<11,0>, prof:1, snd_ch_cfg:0x0
I (810) wifi:state: init -> auth (0xb0)
I (820) wifi:state: auth -> assoc (0x0)
I (820) wifi:state: assoc -> run (0x10)
I (830) wifi:<ba-add>idx:0 (ifx:0, a0:65:18:c4:b3:8d), tid:0, ssn:0, winSize:64
I (840) wifi:connected with Van Vuong, aid = 4, channel 11, BW20, bssid = a0:65:18:c4:b3:8d
I (840) wifi:security: WPA2-PSK, phy: bgn, rssi: -46
I (850) wifi:pm start, type: 1

I (850) wifi:dp: 1, bi: 102400, li: 3, scale listen interval from 307200 us to 307200 us
I (940) wifi:AP's beacon interval = 102400 us, DTIM period = 1
[0;32mI (1260) ESP32_DRONE: Motors Disarmed[0m
[0;32mI (1260) main_task: Returned from app_main()[0m
[0;32mI (1860) esp_netif_handlers: sta ip: 192.168.1.12, mask: 255.255.255.0, gw: 192.168.1.1[0m
[0;32mI (1860) ESP32_DRONE: ESP32 IP Address: 20.95.252.63[0m
[0;32mI (2260) ESP32_DRONE: Motors Disarmed[0m
[0;32mI (3260) ESP32_DRONE: Motor 1: 1998.01, Motor 2: 1998.35, Motor 3: 2000.00, Motor 4: 2000.00[0m
[0;32mI (4260) ESP32_DRONE: Motor 1: 1998.79, Motor 2: 1998.55, Motor 3: 2000.00, Motor 4: 2000.00[0m
[0;32mI (5260) ESP32_DRONE: Motor 1: 1997.54, Motor 2: 2000.00, Motor 3: 2000.00, Motor 4: 1999.20[0m
[0;32mI (6260) ESP32_DRONE: Motor 1: 1996.12, Motor 2: 1998.81, Motor 3: 2000.00, Motor 4: 2000.00[0m
[0;32mI (7260) ESP32_DRONE: Motor 1: 2000.00, Motor 2: 1904.51, Motor 3: 1905.99, Motor 4: 2000.00[0m
[0;32mI (8260) ESP32_DRONE: Motor 1: 1853.06, Motor 2: 1965.14, Motor 3: 2000.00, Motor 4: 2000.00[0m
[0;32mI (9260) ESP32_DRONE: Motor 1: 1956.63, Motor 2: 1958.18, Motor 3: 2000.00, Motor 4: 2000.00[0m
[0;32mI (10260) ESP32_DRONE: Motor 1: 1955.54, Motor 2: 1958.97, Motor 3: 2000.00, Motor 4: 2000.00[0m
[0;32mI (11260) ESP32_DRONE: Motor 1: 1955.25, Motor 2: 1957.99, Motor 3: 2000.00, Motor 4: 2000.00[0m
[0;32mI (12260) ESP32_DRONE: Motor 1: 1958.10, Motor 2: 1956.80, Motor 3: 2000.00, Motor 4: 2000.00[0m
[0;32mI (13260) ESP32_DRONE: Motor 1: 1956.86, Motor 2: 1959.18, Motor 3: 2000.00, Motor 4: 2000.00[0m
[0;32mI (14260) ESP32_DRONE: Motor 1: 1955.44, Motor 2: 1958.45, Motor 3: 2000.00, Motor 4: 2000.00[0m
[0;32mI (15260) ESP32_DRONE: Motor 1: 1955.76, Motor 2: 1960.92, Motor 3: 2000.00, Motor 4: 2000.00[0m
[0;32mI (16260) ESP32_DRONE: Motor 1: 1955.27, Motor 2: 1960.67, Motor 3: 2000.00, Motor 4: 2000.00[0m
[0;32mI (17260) ESP32_DRONE: Motor 1: 1956.38, Motor 2: 1958.50, Motor 3: 2000.00, Motor 4: 2000.00[0m
[0;32mI (18260) ESP32_DRONE: Motor 1: 2000.00, Motor 2: 2000.00, Motor 3: 1865.60, Motor 4: 1860.31[0m
[0;32mI (19260) ESP32_DRONE: Motor 1: 2000.00, Motor 2: 2000.00, Motor 3: 1965.57, Motor 4: 1961.95[0m
[0;32mI (20260) ESP32_DRONE: Motor 1: 2000.00, Motor 2: 2000.00, Motor 3: 1964.95, Motor 4: 1960.34[0m
[0;32mI (21260) ESP32_DRONE: Motor 1: 2000.00, Motor 2: 2000.00, Motor 3: 1965.08, Motor 4: 1960.83[0m
[0;32mI (22260) ESP32_DRONE: Motor 1: 2000.00, Motor 2: 2000.00, Motor 3: 1966.34, Motor 4: 1959.68[0m
[0;32mI (23260) ESP32_DRONE: Motor 1: 1533.00, Motor 2: 1538.82, Motor 3: 1467.00, Motor 4: 1461.18[0m
[0;32mI (24260) ESP32_DRONE: Motor 1: 1534.37, Motor 2: 1536.95, Motor 3: 1465.63, Motor 4: 1463.05[0m
[0;32mI (25260) ESP32_DRONE: Motor 1: 1535.01, Motor 2: 1538.20, Motor 3: 1464.99, Motor 4: 1461.80[0m
[0;32mI (26260) ESP32_DRONE: Motor 1: 1535.49, Motor 2: 1538.77, Motor 3: 1464.51, Motor 4: 1461.23[0m
[0;32mI (27260) ESP32_DRONE: Motor 1: 1533.68, Motor 2: 1537.95, Motor 3: 1466.32, Motor 4: 1462.05[0m
[0;32mI (28260) ESP32_DRONE: Motor 1: 1943.90, Motor 2: 1949.12, Motor 3: 2000.00, Motor 4: 2000.00[0m
[0;32mI (29260) ESP32_DRONE: Motor 1: 1994.00, Motor 2: 1998.09, Motor 3: 2000.00, Motor 4: 2000.00[0m
[0;32mI (30260) ESP32_DRONE: Motor 1: 2000.00, Motor 2: 2000.00, Motor 3: 1915.10, Motor 4: 1912.55[0m
[0;32mI (31260) ESP32_DRONE: Motor 1: 2000.00, Motor 2: 2000.00, Motor 3: 1963.76, Motor 4: 1960.20[0m
[0;32mI (32260) ESP32_DRONE: Motor 1: 2000.00, Motor 2: 2000.00, Motor 3: 1962.99, Motor 4: 1959.34[0m
[0;32mI (33260) ESP32_DRONE: Motor 1: 2000.00, Motor 2: 2000.00, Motor 3: 1962.95, Motor 4: 1959.90[0m
[0;32mI (34260) ESP32_DRONE: Motor 1: 2000.00, Motor 2: 2000.00, Motor 3: 1962.86, Motor 4: 1961.05[0m
[0;32mI (35260) ESP32_DRONE: Motor 1: 2000.00, Motor 2: 2000.00, Motor 3: 1961.53, Motor 4: 1958.74[0m
[0;32mI (36260) ESP32_DRONE: Motor 1: 2000.00, Motor 2: 2000.00, Motor 3: 1961.33, Motor 4: 1959.01[0m
[0;32mI (37260) ESP32_DRONE: Motor 1: 1946.92, Motor 2: 1951.39, Motor 3: 2000.00, Motor 4: 2000.00[0m
[0;32mI (38260) ESP32_DRONE: Motor 1: 1906.51, Motor 2: 1909.99, Motor 3: 2000.00, Motor 4: 2000.00[0m
[0;32mI (39260) ESP32_DRONE: Motor 1: 1956.74, Motor 2: 1962.11, Motor 3: 2000.00, Motor 4: 2000.00[0m
[0;32mI (40260) ESP32_DRONE: Motor 1: 1958.19, Motor 2: 1961.81, Motor 3: 2000.00, Motor 4: 2000.00[0m
[0;32mI (41260) ESP32_DRONE: Motor 1: 1957.85, Motor 2: 1962.46, Motor 3: 2000.00, Motor 4: 2000.00[0m
[0;32mI (42260) ESP32_DRONE: Motor 1: 1955.76, Motor 2: 1961.34, Motor 3: 2000.00, Motor 4: 2000.00[0m
[0;32mI (43260) ESP32_DRONE: Motor 1: 1955.44, Motor 2: 1962.62, Motor 3: 2000.00, Motor 4: 2000.00[0m
[0;32mI (44260) ESP32_DRONE: Motor 1: 2000.00, Motor 2: 1955.66, Motor 3: 1856.69, Motor 4: 2000.00[0m
[0;32mI (45260) ESP32_DRONE: Motor 1: 2000.00, Motor 2: 1959.03, Motor 3: 1962.31, Motor 4: 2000.00[0m
[0;32mI (46260) ESP32_DRONE: Motor 1: 2000.00, Motor 2: 1960.61, Motor 3: 1960.48, Motor 4: 2000.00[0m
[0;32mI (47260) ESP32_DRONE: Motor 1: 2000.00, Motor 2: 1960.51, Motor 3: 1960.95, Motor 4: 2000.00[0m
[0;32mI (48260) ESP32_DRONE: Motor 1: 2000.00, Motor 2: 1959.82, Motor 3: 1962.16, Motor 4: 2000.00[0m
[0;32mI (49260) ESP32_DRONE: Motor 1: 2000.00, Motor 2: 1960.59, Motor 3: 1961.25, Motor 4: 2000.00[0m
[0;32mI (50260) ESP32_DRONE: Motor 1: 1442.41, Motor 2: 1560.48, Motor 3: 1557.59, Motor 4: 1439.52[0m
[0;32mI (51260) ESP32_DRONE: Motor 1: 1496.47, Motor 2: 1503.21, Motor 3: 1503.53, Motor 4: 1496.79[0m
[0;32mI (52260) ESP32_DRONE: Motor 1: 1496.51, Motor 2: 1504.34, Motor 3: 1503.49, Motor 4: 1495.66[0m
