[0;32mI (13) boot: ESP-IDF v5.3.1-dirtï¿½[0;32mI (13) boot: ESP-IDF v5.3.1-dirty 2nd stage bootloader[0m
[0;32mI (13) boot: compile time Mar  4 2025 21:06:48[0m
[0;32mI (13) boot: Multicore bootloader[0m
[0;32mI (17) boot: chip revision: v3.0[0m
[0;32mI (21) boot.esp32: SPI Speed      : 40MHz[0m
[0;32mI (26) boot.esp32: SPI Mode       : DIO[0m
[0;32mI (30) boot.esp32: SPI Flash Size : 2MB[0m
[0;32mI (35) boot: Enabling RNG early entropy source...[0m
[0;32mI (40) boot: Partition Table:[0m
[0;32mI (44) boot: ## Label            Usage          Type ST Offset   Length[0m
[0;32mI (51) boot:  0 nvs              WiFi data        01 02 00009000 00006000[0m
[0;32mI (58) boot:  1 phy_init         RF data          01 01 0000f000 00001000[0m
[0;32mI (66) boot:  2 factory          factory app      00 00 00010000 00100000[0m
[0;32mI (73) boot: End of partition table[0m
[0;32mI (78) esp_image: segment 0: paddr=00010020 vaddr=3f400020 size=23e10h (146960) map[0m
[0;32mI (136) esp_image: segment 1: paddr=00033e38 vaddr=3ffb0000 size=03ff0h ( 16368) load[0m
[0;32mI (143) esp_image: segment 2: paddr=00037e30 vaddr=40080000 size=081e8h ( 33256) load[0m
[0;32mI (156) esp_image: segment 3: paddr=00040020 vaddr=400d0020 size=965b0h (615856) map[0m
[0;32mI (367) esp_image: segment 4: paddr=000d65d8 vaddr=400881e8 size=108c8h ( 67784) load[0m
[0;32mI (406) boot: Loaded app from partition at offset 0x10000[0m
[0;32mI (406) boot: Disabling RNG early entropy source...[0m
[0;32mI (418) cpu_start: Multicore app[0m
[0;32mI (427) cpu_start: Pro cpu start user code[0m
[0;32mI (427) cpu_start: cpu freq: 160000000 Hz[0m
[0;32mI (427) app_init: Application information:[0m
[0;32mI (430) app_init: Project name:     main[0m
[0;32mI (434) app_init: App version:      1[0m
[0;32mI (439) app_init: Compile time:     Mar  4 2025 21:05:29[0m
[0;32mI (445) app_init: ELF file SHA256:  10f425e88...[0m
[0;32mI (450) app_init: ESP-IDF:          v5.3.1-dirty[0m
[0;32mI (455) efuse_init: Min chip rev:     v0.0[0m
[0;32mI (460) efuse_init: Max chip rev:     v3.99 [0m
[0;32mI (465) efuse_init: Chip rev:         v3.0[0m
[0;32mI (470) heap_init: Initializing. RAM available for dynamic allocation:[0m
[0;32mI (477) heap_init: At 3FFAE6E0 len 00001920 (6 KiB): DRAM[0m
[0;32mI (483) heap_init: At 3FFB8330 len 00027CD0 (159 KiB): DRAM[0m
[0;32mI (489) heap_init: At 3FFE0440 len 00003AE0 (14 KiB): D/IRAM[0m
[0;32mI (496) heap_init: At 3FFE4350 len 0001BCB0 (111 KiB): D/IRAM[0m
[0;32mI (502) heap_init: At 40098AB0 len 00007550 (29 KiB): IRAM[0m
[0;32mI (510) spi_flash: detected chip: generic[0m
[0;32mI (513) spi_flash: flash io: dio[0m
[0;33mW (517) spi_flash: Detected size(4096k) larger than the size in the binary image header(2048k). Using the size in the binary image header.[0m
[0;33mW (530) i2c: This driver is an old driver, please migrate your application code to adapt `driver/i2c_master.h`[0m
[0;32mI (541) main_task: Started on CPU0[0m
[0;32mI (551) main_task: Calling app_main()[0m
[0;32mI (591) wifi:wifi driver task: 3ffc01b4, prio:23, stack:6656, core=0[0m
[0;32mI (601) wifi:wifi firmware version: ccaebfa[0m
[0;32mI (601) wifi:wifi certification version: v7.0[0m
[0;32mI (601) wifi:config NVS flash: enabled[0m
[0;32mI (601) wifi:config nano formating: disabled[0m
[0;32mI (611) wifi:Init data frame dynamic rx buffer num: 32[0m
[0;32mI (611) wifi:Init static rx mgmt buffer num: 5[0m
[0;32mI (621) wifi:Init management short buffer num: 32[0m
[0;32mI (621) wifi:Init dynamic tx buffer num: 32[0m
[0;32mI (631) wifi:Init static rx buffer size: 1600[0m
[0;32mI (631) wifi:Init static rx buffer num: 10[0m
[0;32mI (631) wifi:Init dynamic rx buffer num: 32[0m
[0;32mI (641) wifi_init: rx ba win: 6[0m
[0;32mI (641) wifi_init: accept mbox: 6[0m
[0;32mI (651) wifi_init: tcpip mbox: 32[0m
[0;32mI (651) wifi_init: udp mbox: 6[0m
[0;32mI (651) wifi_init: tcp mbox: 6[0m
[0;32mI (661) wifi_init: tcp tx win: 5760[0m
[0;32mI (661) wifi_init: tcp rx win: 5760[0m
[0;32mI (661) wifi_init: tcp mss: 1440[0m
[0;32mI (671) wifi_init: WiFi IRAM OP enabled[0m
[0;32mI (671) wifi_init: WiFi RX IRAM OP enabled[0m
[0;33mW (681) wifi:Password length matches WPA2 standards, authmode threshold changes from OPEN to WPA2[0m
[0;32mI (691) phy_init: phy_version 4830,54550f7,Jun 20 2024,14:22:08[0m
[0;32mI (781) wifi:mode : sta (30:c6:f7:44:e2:48)[0m
[0;32mI (781) wifi:enable tsf[0m
[0;32mI (791) wifi:new:<1,0>, old:<1,0>, ap:<255,255>, sta:<1,0>, prof:1, snd_ch_cfg:0x0[0m
[0;32mI (801) wifi:state: init -> auth (0xb0)[0m
[0;32mI (811) wifi:state: auth -> assoc (0x0)[0m
[0;32mI (821) wifi:state: assoc -> run (0x10)[0m
[0;32mI (841) wifi:connected with MSWifi, aid = 1, channel 1, BW20, bssid = 50:88:11:e0:2d:c6[0m
[0;32mI (841) wifi:security: WPA2-PSK, phy: bgn, rssi: -56[0m
[0;32mI (851) wifi:pm start, type: 1[0m

[0;32mI (851) wifi:dp: 1, bi: 102400, li: 3, scale listen interval from 307200 us to 307200 us[0m
[0;32mI (881) wifi:<ba-add>idx:0 (ifx:0, 50:88:11:e0:2d:c6), tid:0, ssn:0, winSize:64[0m
[0;32mI (941) wifi:AP's beacon interval = 102400 us, DTIM period = 1[0m
[0;32mI (1241) ESP32_DRONE: Motors Disarmed[0m
[0;32mI (1241) main_task: Returned from app_main()[0m
[0;32mI (1861) esp_netif_handlers: sta ip: 192.168.5.108, mask: 255.255.255.0, gw: 192.168.5.1[0m
[0;32mI (1861) ESP32_DRONE: ESP32 IP Address: 20.95.252.63[0m
[0;32mI (2241) ESP32_DRONE: Motors Disarmed[0m
[0;32mI (3241) ESP32_DRONE: Motors Disarmed[0m
[0;32mI (4241) ESP32_DRONE: Motors Disarmed[0m
[0;32mI (5241) ESP32_DRONE: Motors Disarmed[0m
[0;32mI (5971) wifi:<ba-add>idx:1 (ifx:0, 50:88:11:e0:2d:c6), tid:6, ssn:2, winSize:64[0m
[0;32mI (6241) ESP32_DRONE: Motors Disarmed[0m
[0;32mI (7241) ESP32_DRONE: Motors Disarmed[0m
[0;32mI (8241) ESP32_DRONE: Motors Disarmed[0m
[0;32mI (9241) ESP32_DRONE: Motor 1: 1499.84, Motor 2: 1500.02, Motor 3: 1500.16, Motor 4: 1499.98[0m
[0;32mI (10241) ESP32_DRONE: Motor 1: 1499.23, Motor 2: 1500.26, Motor 3: 1500.77, Motor 4: 1499.74[0m
[0;32mI (11241) ESP32_DRONE: Motor 1: 1000.00, Motor 2: 1000.00, Motor 3: 1000.29, Motor 4: 1001.16[0m
[0;32mI (12241) ESP32_DRONE: Motor 1: 1000.00, Motor 2: 1000.00, Motor 3: 1000.20, Motor 4: 1000.40[0m
[0;32mI (13241) ESP32_DRONE: Motor 1: 1499.96, Motor 2: 1500.03, Motor 3: 1500.04, Motor 4: 1499.97[0m
[0;32mI (14241) ESP32_DRONE: Motor 1: 1500.02, Motor 2: 1498.89, Motor 3: 1499.98, Motor 4: 1501.11[0m
[0;32mI (15241) ESP32_DRONE: Motor 1: 1854.44, Motor 2: 1853.14, Motor 3: 1853.56, Motor 4: 1854.86[0m
[0;32mI (16241) ESP32_DRONE: Motor 1: 1999.69, Motor 2: 1999.01, Motor 3: 2000.00, Motor 4: 2000.00[0m
[0;32mI (17241) ESP32_DRONE: Motor 1: 1999.99, Motor 2: 1999.82, Motor 3: 2000.00, Motor 4: 2000.00[0m
[0;32mI (18241) ESP32_DRONE: Motor 1: 1999.97, Motor 2: 2000.00, Motor 3: 2000.00, Motor 4: 1999.45[0m
[0;32mI (19241) ESP32_DRONE: Motor 1: 2000.00, Motor 2: 1999.80, Motor 3: 1999.80, Motor 4: 2000.00[0m
ets Jul 29 2019 12:21:46

rst:0x1 (POWERON_RESET),boot:0x13 (SPI_FAST_FLASH_BOOT)
configsip: 0, SPIWP:0xee
clk_drv:0x00,q_drv:0x00,d_drv:0x00,cs0_drv:0x00,hd_drv:0x00,wp_drv:0x00
mode:DIO, clock div:2
load:0x3fff0030,len:7176
load:0x40078000,len:15564
ho 0 tail 12 room 4
load:0x40080400,len:4
load:0x40080404,len:3904
entry 0x40080640
[0;32mI (31) boot: ESP-IDF v5.3.1-dirty 2nd stage bootloader[0m
[0;32mI (31) boot: compile time Mar  4 2025 21:06:48[0m
[0;32mI (31) boot: Multicore bootloader[0m
[0;32mI (36) boot: chip revision: v3.0[0m
[0;32mI (40) boot.esp32: SPI Speed      : 40MHz[0m
[0;32mI (44) boot.esp32: SPI Mode       : DIO[0m
[0;32mI (49) boot.esp32: SPI Flash Size : 2MB[0m
[0;32mI (53) boot: Enabling RNG early entropy source...[0m
[0;32mI (59) boot: Partition Table:[0m
[0;32mI (62) boot: ## Label            Usage          Type ST Offset   Length[0m
[0;32mI (70) boot:  0 nvs              WiFi data        01 02 00009000 00006000[0m
[0;32mI (77) boot:  1 phy_init         RF data          01 01 0000f000 00001000[0m
[0;32mI (85) boot:  2 factory          factory app      00 00 00010000 00100000[0m
[0;32mI (92) boot: End of partition table[0m
[0;32mI (96) esp_image: segment 0: paddr=00010020 vaddr=3f400020 size=23e10h (146960) map[0m
[0;32mI (155) esp_image: segment 1: paddr=00033e38 vaddr=3ffb0000 size=03ff0h ( 16368) load[0m
[0;32mI (161) esp_image: segment 2: paddr=00037e30 vaddr=40080000 size=081e8h ( 33256) load[0m
[0;32mI (175) esp_image: segment 3: paddr=00040020 vaddr=400d0020 size=965b0h (615856) map[0m
[0;32mI (386) esp_image: segment 4: paddr=000d65d8 vaddr=400881e8 size=108c8h ( 67784) load[0m
[0;32mI (425) boot: Loaded app from partition at offset 0x10000[0m
[0;32mI (425) boot: Disabling RNG early entropy source...[0m
[0;32mI (437) cpu_start: Multicore app[0m
[0;32mI (446) cpu_start: Pro cpu start user code[0m
[0;32mI (446) cpu_start: cpu freq: 160000000 Hz[0m
[0;32mI (446) app_init: Application information:[0m
[0;32mI (449) app_init: Project name:     main[0m
[0;32mI (453) app_init: App version:      1[0m
[0;32mI (457) app_init: Compile time:     Mar  4 2025 21:05:29[0m
[0;32mI (463) app_init: ELF file SHA256:  10f425e88...[0m
[0;32mI (469) app_init: ESP-IDF:          v5.3.1-dirty[0m
[0;32mI (474) efuse_init: Min chip rev:     v0.0[0m
[0;32mI (479) efuse_init: Max chip rev:     v3.99 [0m
[0;32mI (484) efuse_init: Chip rev:         v3.0[0m
[0;32mI (489) heap_init: Initializing. RAM available for dynamic allocation:[0m
[0;32mI (496) heap_init: At 3FFAE6E0 len 00001920 (6 KiB): DRAM[0m
[0;32mI (502) heap_init: At 3FFB8330 len 00027CD0 (159 KiB): DRAM[0m
[0;32mI (508) heap_init: At 3FFE0440 len 00003AE0 (14 KiB): D/IRAM[0m
[0;32mI (514) heap_init: At 3FFE4350 len 0001BCB0 (111 KiB): D/IRAM[0m
[0;32mI (521) heap_init: At 40098AB0 len 00007550 (29 KiB): IRAM[0m
[0;32mI (529) spi_flash: detected chip: generic[0m
[0;32mI (532) spi_flash: flash io: dio[0m
[0;33mW (536) spi_flash: Detected size(4096k) larger than the size in the binary image header(2048k). Using the size in the binary image header.[0m
[0;33mW (549) i2c: This driver is an old driver, please migrate your application code to adapt `driver/i2c_master.h`[0m
[0;32mI (560) main_task: Started on CPU0[0m
[0;32mI (570) main_task: Calling app_main()[0m
[0;32mI (610) wifi:wifi driver task: 3ffc01b4, prio:23, stack:6656, core=0[0m
[0;32mI (620) wifi:wifi firmware version: ccaebfa[0m
[0;32mI (620) wifi:wifi certification version: v7.0[0m
[0;32mI (620) wifi:config NVS flash: enabled[0m
[0;32mI (620) wifi:config nano formating: disabled[0m
[0;32mI (630) wifi:Init data frame dynamic rx buffer num: 32[0m
[0;32mI (630) wifi:Init static rx mgmt buffer num: 5[0m
[0;32mI (640) wifi:Init management short buffer num: 32[0m
[0;32mI (640) wifi:Init dynamic tx buffer num: 32[0m
[0;32mI (650) wifi:Init static rx buffer size: 1600[0m
[0;32mI (650) wifi:Init static rx buffer num: 10[0m
[0;32mI (650) wifi:Init dynamic rx buffer num: 32[0m
[0;32mI (660) wifi_init: rx ba win: 6[0m
[0;32mI (660) wifi_init: accept mbox: 6[0m
[0;32mI (670) wifi_init: tcpip mbox: 32[0m
[0;32mI (670) wifi_init: udp mbox: 6[0m
[0;32mI (670) wifi_init: tcp mbox: 6[0m
[0;32mI (680) wifi_init: tcp tx win: 5760[0m
[0;32mI (680) wifi_init: tcp rx win: 5760[0m
[0;32mI (680) wifi_init: tcp mss: 1440[0m
[0;32mI (690) wifi_init: WiFi IRAM OP enabled[0m
[0;32mI (690) wifi_init: WiFi RX IRAM OP enabled[0m
[0;33mW (700) wifi:Password length matches WPA2 standards, authmode threshold changes from OPEN to WPA2[0m
[0;32mI (710) phy_init: phy_version 4830,54550f7,Jun 20 2024,14:22:08[0m
[0;32mI (800) wifi:mode : sta (30:c6:f7:44:e2:48)[0m
[0;32mI (800) wifi:enable tsf[0m
[0;32mI (810) wifi:new:<1,0>, old:<1,0>, ap:<255,255>, sta:<1,0>, prof:1, snd_ch_cfg:0x0[0m
[0;32mI (820) wifi:state: init -> auth (0xb0)[0m
[0;32mI (830) wifi:state: auth -> assoc (0x0)[0m
[0;32mI (850) wifi:state: assoc -> run (0x10)[0m
[0;32mI (890) wifi:connected with MSWifi, aid = 1, channel 1, BW20, bssid = 50:88:11:e0:2d:c6[0m
[0;32mI (890) wifi:security: WPA2-PSK, phy: bgn, rssi: -53[0m
[0;32mI (900) wifi:pm start, type: 1[0m

[0;32mI (900) wifi:dp: 1, bi: 102400, li: 3, scale listen interval from 307200 us to 307200 us[0m
[0;32mI (910) wifi:AP's beacon interval = 102400 us, DTIM period = 1[0m
[0;32mI (930) wifi:<ba-add>idx:0 (ifx:0, 50:88:11:e0:2d:c6), tid:0, ssn:0, winSize:64[0m
[0;32mI (1260) ESP32_DRONE: Motors Disarmed[0m
[0;32mI (1260) main_task: Returned from app_main()[0m
[0;32mI (1910) esp_netif_handlers: sta ip: 192.168.5.108, mask: 255.255.255.0, gw: 192.168.5.1[0m
[0;32mI (1910) ESP32_DRONE: ESP32 IP Address: 20.95.252.63[0m
ets Jul 29 2019 12:21:46

rst:0x1 (POWERON_RESET),boot:0x13 (SPI_FAST_FLASH_BOOT)
configsip: 0, SPIWP:0xee
clk_drv:0x00,q_drv:0x00,d_drv:0x00,cs0_drv:0x00,hd_drv:0x00,wp_drv:0x00
mode:DIO, clock div:2
load:0x3fff0030,len:7176
load:0x40078000,len:15564
ho 0 tail 12 room 4
load:0x40080400,len:4
load:0x40080404,len:3904
entry 0x40080640
[0;32mI (31) boot: ESP-IDF v5.3.1-dirty 2nd stage bootloader[0m
[0;32mI (31) boot: compile time Mar  4 2025 21:06:48[0m
[0;32mI (31) boot: Multicore bootloader[0m
[0;32mI (36) boot: chip revision: v3.0[0m
[0;32mI (40) boot.esp32: SPI Speed      : 40MHz[0m
[0;32mI (44) boot.esp32: SPI Mode       : DIO[0m
[0;32mI (49) boot.esp32: SPI Flash Size : 2MB[0m
[0;32mI (53) boot: Enabling RNG early entropy source...[0m
[0;32mI (59) boot: Partition Table:[0m
[0;32mI (62) boot: ## Label            Usage          Type ST Offset   Length[0m
[0;32mI (70) boot:  0 nvs              WiFi data        01 02 00009000 00006000[0m
[0;32mI (77) boot:  1 phy_init         RF data          01 01 0000f000 00001000[0m
[0;32mI (85) boot:  2 factory          factory app      00 00 00010000 00100000[0m
[0;32mI (92) boot: End of partition table[0m
[0;32mI (96) esp_image: segment 0: paddr=00010020 vaddr=3f400020 size=23e10h (146960) map[0m
[0;32mI (155) esp_image: segment 1: paddr=00033e38 vaddr=3ffb0000 size=03ff0h ( 16368) load[0m
[0;32mI (161) esp_image: segment 2: paddr=00037e30 vaddr=40080000 size=081e8h ( 33256) load[0m
[0;32mI (175) esp_image: segment 3: paddr=00040020 vaddr=400d0020 size=965b0h (615856) map[0m
[0;32mI (386) esp_image: segment 4: paddr=000d65d8 vaddr=400881e8 size=108c8h ( 67784) load[0m
[0;32mI (425) boot: Loaded app from partition at offset 0x10000[0m
[0;32mI (425) boot: Disabling RNG early entropy source...[0m
[0;32mI (437) cpu_start: Multicore app[0m
[0;32mI (446) cpu_start: Pro cpu start user code[0m
[0;32mI (446) cpu_start: cpu freq: 160000000 Hz[0m
[0;32mI (446) app_init: Application information:[0m
[0;32mI (449) app_init: Project name:     main[0m
[0;32mI (453) app_init: App version:      1[0m
[0;32mI (457) app_init: Compile time:     Mar  4 2025 21:05:29[0m
[0;32mI (463) app_init: ELF file SHA256:  10f425e88...[0m
[0;32mI (469) app_init: ESP-IDF:          v5.3.1-dirty[0m
[0;32mI (474) efuse_init: Min chip rev:     v0.0[0m
[0;32mI (479) efuse_init: Max chip rev:     v3.99 [0m
[0;32mI (484) efuse_init: Chip rev:         v3.0[0m
[0;32mI (489) heap_init: Initializing. RAM available for dynamic allocation:[0m
[0;32mI (496) heap_init: At 3FFAE6E0 len 00001920 (6 KiB): DRAM[0m
[0;32mI (502) heap_init: At 3FFB8330 len 00027CD0 (159 KiB): DRAM[0m
[0;32mI (508) heap_init: At 3FFE0440 len 00003AE0 (14 KiB): D/IRAM[0m
[0;32mI (514) heap_init: At 3FFE4350 len 0001BCB0 (111 KiB): D/IRAM[0m
[0;32mI (521) heap_init: At 40098AB0 len 00007550 (29 KiB): IRAM[0m
[0;32mI (529) spi_flash: detected chip: generic[0m
[0;32mI (532) spi_flash: flash io: dio[0m
[0;33mW (536) spi_flash: Detected size(4096k) larger than the size in the binary image header(2048k). Using the size in the binary image header.[0m
[0;33mW (549) i2c: This driver is an old driver, please migrate your application code to adapt `driver/i2c_master.h`[0m
[0;32mI (560) main_task: Started on CPU0[0m
[0;32mI (570) main_task: Calling app_main()[0m
[0;32mI (610) wifi:wifi driver task: 3ffc01b4, prio:23, stack:6656, core=0[0m
[0;32mI (620) wifi:wifi firmware version: ccaebfa[0m
[0;32mI (620) wifi:wifi certification version: v7.0[0m
[0;32mI (620) wifi:config NVS flash: enabled[0m
[0;32mI (620) wifi:config nano formating: disabled[0m
[0;32mI (630) wifi:Init data frame dynamic rx buffer num: 32[0m
[0;32mI (630) wifi:Init static rx mgmt buffer num: 5[0m
[0;32mI (640) wifi:Init management short buffer num: 32[0m
[0;32mI (640) wifi:Init dynamic tx buffer num: 32[0m
[0;32mI (650) wifi:Init static rx buffer size: 1600[0m
[0;32mI (650) wifi:Init static rx buffer num: 10[0m
[0;32mI (650) wifi:Init dynamic rx buffer num: 32[0m
[0;32mI (660) wifi_init: rx ba win: 6[0m
[0;32mI (660) wifi_init: accept mbox: 6[0m
[0;32mI (670) wifi_init: tcpip mbox: 32[0m
[0;32mI (670) wifi_init: udp mbox: 6[0m
[0;32mI (670) wifi_init: tcp mbox: 6[0m
[0;32mI (680) wifi_init: tcp tx win: 5760[0m
[0;32mI (680) wifi_init: tcp rx win: 5760[0m
[0;32mI (680) wifi_init: tcp mss: 1440[0m
[0;32mI (690) wifi_init: WiFi IRAM OP enabled[0m
[0;32mI (690) wifi_init: WiFi RX IRAM OP enabled[0m
[0;33mW (700) wifi:Password length matches WPA2 standards, authmode threshold changes from OPEN to WPA2[0m
[0;32mI (710) phy_init: phy_version 4830,54550f7,Jun 20 2024,14:22:08[0m
[0;32mI (800) wifi:mode : sta (30:c6:f7:44:e2:48)[0m
[0;32mI (800) wifi:enable tsf[0m
[0;32mI (820) wifi:new:<1,0>, old:<1,0>, ap:<255,255>, sta:<1,0>, prof:1, snd_ch_cfg:0x0[0m
[0;32mI (820) wifi:state: init -> auth (0xb0)[0m
[0;32mI (930) wifi:state: auth -> assoc (0x0)[0m
[0;32mI (950) wifi:state: assoc -> run (0x10)[0m
[0;32mI (1240) ESP32_DRONE: Motors Disarmed[0m
[0;32mI (1240) main_task: Returned from app_main()[0m
ets Jul 29 2019 12:21:46

rst:0x1 (POWERON_RESET),boot:0x13 (SPI_FAST_FLASH_BOOT)
configsip: 0, SPIWP:0xee
clk_drv:0x00,q_drv:0x00,d_drv:0x00,cs0_drv:0x00,hd_drv:0x00,wp_drv:0x00
mode:DIO, clock div:2
load:0x3fff0030,len:7176
load:0x40078000,len:15564
ho 0 tail 12 room 4
load:0x40080400,len:4
load:0x40080404,len:3904
entry 0x40080640
[0;32mI (31) boot: ESP-IDF v5.3.1-dirty 2nd stage bootloader[0m
[0;32mI (31) boot: compile time Mar  4 2025 21:06:48[0m
[0;32mI (31) boot: Multicore bootloader[0m
[0;32mI (36) boot: chip revision: v3.0[0m
[0;32mI (40) boot.esp32: SPI Speed      : 40MHz[0m
[0;32mI (44) boot.esp32: SPI Mode       : DIO[0m
[0;32mI (49) boot.esp32: SPI Flash Size : 2MB[0m
[0;32mI (53) boot: Enabling RNG early entropy source...[0m
[0;32mI (59) boot: Partition Table:[0m
[0;32mI (62) boot: ## Label            Usage          Type ST Offset   Length[0m
[0;32mI (70) boot:  0 nvs              WiFi data        01 02 00009000 00006000[0m
[0;32mI (77) boot:  1 phy_init         RF data          01 01 0000f000 00001000[0m
[0;32mI (85) boot:  2 factory          factory app      00 00 00010000 00100000[0m
[0;32mI (92) boot: End of partition table[0m
[0;32mI (96) esp_image: segment 0: paddr=00010020 vaddr=3f400020 size=23e10h (146960) map[0m
[0;32mI (155) esp_image: segment 1: paddr=00033e38 vaddr=3ffb0000 size=03ff0h ( 16368) load[0m
[0;32mI (161) esp_image: segment 2: paddr=00037e30 vaddr=40080000 size=081e8h ( 33256) load[0m
[0;32mI (175) esp_image: segment 3: paddr=00040020 vaddr=400d0020 size=965b0h (615856) map[0m
[0;32mI (386) esp_image: segment 4: paddr=000d65d8 vaddr=400881e8 size=108c8h ( 67784) load[0m
[0;32mI (425) boot: Loaded app from partition at offset 0x10000[0m
[0;32mI (425) boot: Disabling RNG early entropy source...[0m
[0;32mI (437) cpu_start: Multicore app[0m
[0;32mI (446) cpu_start: Pro cpu start user code[0m
[0;32mI (446) cpu_start: cpu freq: 160000000 Hz[0m
[0;32mI (446) app_init: Application information:[0m
[0;32mI (449) app_init: Project name:     main[0m
[0;32mI (453) app_init: App version:      1[0m
[0;32mI (457) app_init: Compile time:     Mar  4 2025 21:05:29[0m
[0;32mI (463) app_init: ELF file SHA256:  10f425e88...[0m
[0;32mI (469) app_init: ESP-IDF:          v5.3.1-dirty[0m
[0;32mI (474) efuse_init: Min chip rev:     v0.0[0m
[0;32mI (479) efuse_init: Max chip rev:     v3.99 [0m
[0;32mI (484) efuse_init: Chip rev:         v3.0[0m
[0;32mI (489) heap_init: Initializing. RAM available for dynamic allocation:[0m
[0;32mI (496) heap_init: At 3FFAE6E0 len 00001920 (6 KiB): DRAM[0m
[0;32mI (502) heap_init: At 3FFB8330 len 00027CD0 (159 KiB): DRAM[0m
[0;32mI (508) heap_init: At 3FFE0440 len 00003AE0 (14 KiB): D/IRAM[0m
[0;32mI (514) heap_init: At 3FFE4350 len 0001BCB0 (111 KiB): D/IRAM[0m
[0;32mI (521) heap_init: At 40098AB0 len 00007550 (29 KiB): IRAM[0m
[0;32mI (529) spi_flash: detected chip: generic[0m
[0;32mI (532) spi_flash: flash io: dio[0m
[0;33mW (536) spi_flash: Detected size(4096k) larger than the size in the binary image header(2048k). Using the size in the binary image header.[0m
[0;33mW (549) i2c: This driver is an old driver, please migrate your application code to adapt `driver/i2c_master.h`[0m
[0;32mI (560) main_task: Started on CPU0[0m
[0;32mI (570) main_task: Calling app_main()[0m
[0;32mI (610) wifi:wifi driver task: 3ffc01b4, prio:23, stack:6656, core=0[0m
[0;32mI (620) wifi:wifi firmware version: ccaebfa[0m
[0;32mI (620) wifi:wifi certification version: v7.0[0m
[0;32mI (620) wifi:config NVS flash: enabled[0m
[0;32mI (620) wifi:config nano formating: disabled[0m
[0;32mI (630) wifi:Init data frame dynamic rx buffer num: 32[0m
[0;32mI (630) wifi:Init static rx mgmt buffer num: 5[0m
[0;32mI (640) wifi:Init management short buffer num: 32[0m
[0;32mI (640) wifi:Init dynamic tx buffer num: 32[0m
[0;32mI (650) wifi:Init static rx buffer size: 1600[0m
[0;32mI (650) wifi:Init static rx buffer num: 10[0m
[0;32mI (650) wifi:Init dynamic rx buffer num: 32[0m
[0;32mI (660) wifi_init: rx ba win: 6[0m
[0;32mI (660) wifi_init: accept mbox: 6[0m
[0;32mI (670) wifi_init: tcpip mbox: 32[0m
[0;32mI (670) wifi_init: udp mbox: 6[0m
[0;32mI (670) wifi_init: tcp mbox: 6[0m
[0;32mI (680) wifi_init: tcp tx win: 5760[0m
[0;32mI (680) wifi_init: tcp rx win: 5760[0m
[0;32mI (680) wifi_init: tcp mss: 1440[0m
[0;32mI (690) wifi_init: WiFi IRAM OP enabled[0m
[0;32mI (690) wifi_init: WiFi RX IRAM OP enabled[0m
[0;33mW (700) wifi:Password length matches WPA2 standards, authmode threshold changes from OPEN to WPA2[0m
[0;32mI (710) phy_init: phy_version 4830,54550f7,Jun 20 2024,14:22:08[0m
[0;32mI (800) wifi:mode : sta (30:c6:f7:44:e2:48)[0m
[0;32mI (800) wifi:enable tsf[0m
[0;32mI (810) wifi:new:<1,0>, old:<1,0>, ap:<255,255>, sta:<1,0>, prof:1, snd_ch_cfg:0x0[0m
[0;32mI (810) wifi:state: init -> auth (0xb0)[0m
[0;32mI (850) wifi:state: auth -> assoc (0x0)[0m
[0;32mI (860) wifi:state: assoc -> run (0x10)[0m
[0;32mI (880) wifi:connected with MSWifi, aid = 1, channel 1, BW20, bssid = 50:88:11:e0:2d:c6[0m
[0;32mI (880) wifi:security: WPA2-PSK, phy: bgn, rssi: -52[0m
[0;32mI (890) wifi:pm start, type: 1[0m

[0;32mI (890) wifi:dp: 1, bi: 102400, li: 3, scale listen interval from 307200 us to 307200 us[0m
[0;32mI (910) wifi:AP's beacon interval = 102400 us, DTIM period = 1[0m
[0;32mI (930) wifi:<ba-add>idx:0 (ifx:0, 50:88:11:e0:2d:c6), tid:0, ssn:0, winSize:64[0m
[0;32mI (1260) ESP32_DRONE: Motors Disarmed[0m
[0;32mI (1260) main_task: Returned from app_main()[0m
[0;32mI (1900) esp_netif_handlers: sta ip: 192.168.5.108, mask: 255.255.255.0, gw: 192.168.5.1[0m
[0;32mI (1900) ESP32_DRONE: ESP32 IP Address: 20.95.252.63[0m
[0;32mI (2260) ESP32_DRONE: Motors Disarmed[0m
[0;32mI (3250) wifi:<ba-add>idx:1 (ifx:0, 50:88:11:e0:2d:c6), tid:6, ssn:2, winSize:64[0m
[0;32mI (3260) ESP32_DRONE: Motors Disarmed[0m
[0;32mI (4260) ESP32_DRONE: Motors Disarmed[0m
[0;32mI (5260) ESP32_DRONE: Motor 1: 2000.00, Motor 2: 2000.00, Motor 3: 1999.31, Motor 4: 1999.32[0m
