PI_FAST_FLASH_BOOT)
configsip: 0, SPIWP:0xee
clk_drv:0x00,q_drv:0x00,d_drv:0x00,cs0_drv:0x00,hd_drv:0x00,wp_drv:0x00
mode:DIO, clock div:2
load:0x3fff0030,len:7176
load:0x40078000,le�ets Jul 29 2019 12:21:46

rst:0x1 (POWERON_RESET),boot:0x13 (SPI_FAST_FLASH_BOOT)
configsip: 0, SPIWP:0xee
clk_drv:0x00,q_drv:0x00,d_drv:0x00,cs0_drv:0x00,hd_drv:0x00,wp_drv:0x00
mode:DIO, clock div:2
load:0x3fff0030,len:7176
load:0x40078000,len:15564
ho 0 tail 12 room 4
load:0x40080400,len:4
load:0x40080404,len:3904
entry 0x40080640
[0;32mI (31) boot: ESP-IDF v5.3.1-dirty 2nd stage bootloader[0m
[0;32mI (31) boot: compile time Feb 20 2025 21:25:12[0m
[0;32mI (31) boot: Multicore bootloader[0m
[0;32mI (36) boot: chip revision: v3.1[0m
[0;32mI (40) boot.esp32: SPI Speed      : 40MHz[0m
[0;32mI (44) boot.esp32: SPI Mode       : DIO[0m
[0;32mI (49) boot.esp32: SPI Flash Size : 2MB[0m
[0;32mI (53) boot: Enabling RNG early entropy source...[0m
[0;32mI (59) boot: Partition Table:[0m
[0;32mI (62) boot: ## Label            Usage          Type ST Offset   Length[0m
[0;32mI (70) boot:  0 nvs              WiFi data        01 02 00009000 00006000[0m
[0;32mI (77) boot:  1 phy_init         RF data          01 01 0000f000 00001000[0m
[0;32mI (85) boot:  2 factory          factory app      00 00 00010000 00100000[0m
[0;32mI (92) boot: End of partition table[0m
[0;32mI (96) esp_image: segment 0: paddr=00010020 vaddr=3f400020 size=10fa4h ( 69540) map[0m
[0;32mI (129) esp_image: segment 1: paddr=00020fcc vaddr=3ffb0000 size=024e4h (  9444) load[0m
[0;32mI (132) esp_image: segment 2: paddr=000234b8 vaddr=40080000 size=0cb60h ( 52064) load[0m
[0;32mI (155) esp_image: segment 3: paddr=00030020 vaddr=400d0020 size=3ba94h (244372) map[0m
[0;32mI (239) esp_image: segment 4: paddr=0006babc vaddr=4008cb60 size=012a0h (  4768) load[0m
[0;32mI (248) boot: Loaded app from partition at offset 0x10000[0m
[0;32mI (248) boot: Disabling RNG early entropy source...[0m
[0;32mI (262) cpu_start: Multicore app[0m
[0;32mI (270) cpu_start: Pro cpu start user code[0m
[0;32mI (270) cpu_start: cpu freq: 160000000 Hz[0m
[0;32mI (270) app_init: Application information:[0m
[0;32mI (273) app_init: Project name:     MOTOR[0m
[0;32mI (278) app_init: App version:      1[0m
[0;32mI (282) app_init: Compile time:     Feb 20 2025 21:24:29[0m
[0;32mI (288) app_init: ELF file SHA256:  39ab41e92...[0m
[0;32mI (293) app_init: ESP-IDF:          v5.3.1-dirty[0m
[0;32mI (299) efuse_init: Min chip rev:     v0.0[0m
[0;32mI (303) efuse_init: Max chip rev:     v3.99 [0m
[0;32mI (308) efuse_init: Chip rev:         v3.1[0m
[0;32mI (313) heap_init: Initializing. RAM available for dynamic allocation:[0m
[0;32mI (320) heap_init: At 3FFAE6E0 len 00001920 (6 KiB): DRAM[0m
[0;32mI (326) heap_init: At 3FFB3808 len 0002C7F8 (177 KiB): DRAM[0m
[0;32mI (333) heap_init: At 3FFE0440 len 00003AE0 (14 KiB): D/IRAM[0m
[0;32mI (339) heap_init: At 3FFE4350 len 0001BCB0 (111 KiB): D/IRAM[0m
[0;32mI (345) heap_init: At 4008DE00 len 00012200 (72 KiB): IRAM[0m
[0;32mI (353) spi_flash: detected chip: generic[0m
[0;32mI (356) spi_flash: flash io: dio[0m
[0;33mW (360) spi_flash: Detected size(4096k) larger than the size in the binary image header(2048k). Using the size in the binary image header.[0m
[0;32mI (374) main_task: Started on CPU0[0m
[0;32mI (384) main_task: Calling app_main()[0m
[0;32mI (394) NETWORK: Waiting for IP address...[0m
[0;32mI (5394) ESP_NOW_RECEIVER: Web Server started, ready to receive joystick data.[0m
