PI_FAST_FLASH_BOOT)
configsip: 0, SPIWP:0xee
clk_drv:0x00,q_drv:ï¿½ets Jul 29 2019 12:21:46

rst:0x1 (POWERON_RESET),boot:0x13 (SPI_FAST_FLASH_BOOT)
configsip: 0, SPIWP:0xee
clk_drv:0x00,q_drv:0x00,d_drv:0x00,cs0_drv:0x00,hd_drv:0x00,wp_drv:0x00
mode:DIO, clock div:2
load:0x3fff0030,len:7176
load:0x40078000,len:15564
ho 0 tail 12 room 4
load:0x40080400,len:4
load:0x40080404,len:3904
entry 0x40080640
[0;32mI (31) boot: ESP-IDF v5.3.1-dirty 2nd stage bootloader[0m
[0;32mI (31) boot: compile time Mar  4 2025 21:06:48[0m
[0;32mI (31) boot: Multicore bootloader[0m
[0;32mI (36) boot: chip revision: v3.0[0m
[0;32mI (40) boot.esp32: SPI Speed      : 40MHz[0m
[0;32mI (44) boot.esp32: SPI Mode       : DIO[0m
[0;32mI (49) boot.esp32: SPI Flash Size : 2MB[0m
[0;32mI (53) boot: Enabling RNG early entropy source...[0m
[0;32mI (59) boot: Partition Table:[0m
[0;32mI (62) boot: ## Label            Usage          Type ST Offset   Length[0m
[0;32mI (70) boot:  0 nvs              WiFi data        01 02 00009000 00006000[0m
[0;32mI (77) boot:  1 phy_init         RF data          01 01 0000f000 00001000[0m
[0;32mI (85) boot:  2 factory          factory app      00 00 00010000 00100000[0m
[0;32mI (92) boot: End of partition table[0m
[0;32mI (96) esp_image: segment 0: paddr=00010020 vaddr=3f400020 size=23e00h (146944) map[0m
[0;32mI (155) esp_image: segment 1: paddr=00033e28 vaddr=3ffb0000 size=03ff0h ( 16368) load[0m
[0;32mI (161) esp_image: segment 2: paddr=00037e20 vaddr=40080000 size=081f8h ( 33272) load[0m
[0;32mI (175) esp_image: segment 3: paddr=00040020 vaddr=400d0020 size=965dch (615900) map[0m
[0;32mI (386) esp_image: segment 4: paddr=000d6604 vaddr=400881f8 size=108b8h ( 67768) load[0m
[0;32mI (425) boot: Loaded app from partition at offset 0x10000[0m
[0;32mI (425) boot: Disabling RNG early entropy source...[0m
[0;32mI (437) cpu_start: Multicore app[0m
[0;32mI (446) cpu_start: Pro cpu start user code[0m
[0;32mI (446) cpu_start: cpu freq: 160000000 Hz[0m
[0;32mI (446) app_init: Application information:[0m
[0;32mI (449) app_init: Project name:     main[0m
[0;32mI (453) app_init: App version:      1[0m
[0;32mI (458) app_init: Compile time:     Mar  4 2025 21:05:29[0m
[0;32mI (464) app_init: ELF file SHA256:  f0ca6d5d7...[0m
[0;32mI (469) app_init: ESP-IDF:          v5.3.1-dirty[0m
[0;32mI (474) efuse_init: Min chip rev:     v0.0[0m
[0;32mI (479) efuse_init: Max chip rev:     v3.99 [0m
[0;32mI (484) efuse_init: Chip rev:         v3.0[0m
[0;32mI (489) heap_init: Initializing. RAM available for dynamic allocation:[0m
[0;32mI (496) heap_init: At 3FFAE6E0 len 00001920 (6 KiB): DRAM[0m
[0;32mI (502) heap_init: At 3FFB8328 len 00027CD8 (159 KiB): DRAM[0m
[0;32mI (508) heap_init: At 3FFE0440 len 00003AE0 (14 KiB): D/IRAM[0m
[0;32mI (514) heap_init: At 3FFE4350 len 0001BCB0 (111 KiB): D/IRAM[0m
[0;32mI (521) heap_init: At 40098AB0 len 00007550 (29 KiB): IRAM[0m
[0;32mI (529) spi_flash: detected chip: generic[0m
[0;32mI (532) spi_flash: flash io: dio[0m
[0;33mW (536) spi_flash: Detected size(4096k) larger than the size in the binary image header(2048k). Using the size in the binary image header.[0m
[0;33mW (549) i2c: This driver is an old driver, please migrate your application code to adapt `driver/i2c_master.h`[0m
[0;32mI (560) main_task: Started on CPU0[0m
[0;32mI (570) main_task: Calling app_main()[0m
I (610) wifi:wifi driver task: 3ffc01ac, prio:23, stack:6656, core=0
I (620) wifi:wifi firmware version: ccaebfa
I (620) wifi:wifi certification version: v7.0
I (620) wifi:config NVS flash: enabled
I (620) wifi:config nano formating: disabled
I (630) wifi:Init data frame dynamic rx buffer num: 32
I (630) wifi:Init static rx mgmt buffer num: 5
I (640) wifi:Init management short buffer num: 32
I (640) wifi:Init dynamic tx buffer num: 32
I (650) wifi:Init static rx buffer size: 1600
I (650) wifi:Init static rx buffer num: 10
I (650) wifi:Init dynamic rx buffer num: 32
[0;32mI (660) wifi_init: rx ba win: 6[0m
[0;32mI (660) wifi_init: accept mbox: 6[0m
[0;32mI (660) wifi_init: tcpip mbox: 32[0m
[0;32mI (670) wifi_init: udp mbox: 6[0m
[0;32mI (670) wifi_init: tcp mbox: 6[0m
[0;32mI (680) wifi_init: tcp tx win: 5760[0m
[0;32mI (680) wifi_init: tcp rx win: 5760[0m
[0;32mI (680) wifi_init: tcp mss: 1440[0m
[0;32mI (690) wifi_init: WiFi IRAM OP enabled[0m
[0;32mI (690) wifi_init: WiFi RX IRAM OP enabled[0m
W (700) wifi:Password length matches WPA2 standards, authmode threshold changes from OPEN to WPA2
[0;32mI (710) phy_init: phy_version 4830,54550f7,Jun 20 2024,14:22:08[0m
I (800) wifi:mode : sta (c8:f0:9e:f2:90:78)
I (800) wifi:enable tsf
I (810) wifi:new:<10,0>, old:<1,0>, ap:<255,255>, sta:<10,0>, prof:1, snd_ch_cfg:0x0
I (810) wifi:state: init -> auth (0xb0)
I (820) wifi:state: auth -> assoc (0x0)
I (820) wifi:state: assoc -> run (0x10)
I (830) wifi:<ba-add>idx:0 (ifx:0, a0:65:18:c4:b3:8d), tid:0, ssn:0, winSize:64
I (840) wifi:connected with Van Vuong, aid = 6, channel 10, BW20, bssid = a0:65:18:c4:b3:8d
I (840) wifi:security: WPA2-PSK, phy: bgn, rssi: -64
I (850) wifi:pm start, type: 1

I (850) wifi:dp: 1, bi: 102400, li: 3, scale listen interval from 307200 us to 307200 us
I (890) wifi:AP's beacon interval = 102400 us, DTIM period = 1
[0;32mI (1270) main_task: Returned from app_main()[0m
[0;32mI (1270) ESP32_DRONE: Gyr_rawX: 0.77, Gyr_rawY: -0.37, Acc_rawX: -0.06, Acc_rawY: -0.02, Acc_rawZ: 0.97[0m
[0;32mI (1860) esp_netif_handlers: sta ip: 192.168.1.11, mask: 255.255.255.0, gw: 192.168.1.1[0m
[0;32mI (1860) ESP32_DRONE: ESP32 IP Address: 12.95.252.63[0m
[0;32mI (2270) ESP32_DRONE: Gyr_rawX: 10.62, Gyr_rawY: -8.02, Acc_rawX: 0.43, Acc_rawY: 0.02, Acc_rawZ: 0.88[0m
[0;32mI (3270) ESP32_DRONE: Gyr_rawX: -29.20, Gyr_rawY: 24.02, Acc_rawX: -0.05, Acc_rawY: 0.11, Acc_rawZ: 1.09[0m
[0;32mI (4270) ESP32_DRONE: Gyr_rawX: -54.08, Gyr_rawY: -174.94, Acc_rawX: -0.24, Acc_rawY: -0.37, Acc_rawZ: 0.96[0m
[0;32mI (5270) ESP32_DRONE: Gyr_rawX: -60.90, Gyr_rawY: 120.58, Acc_rawX: -0.02, Acc_rawY: -0.81, Acc_rawZ: 0.78[0m
[0;32mI (6270) ESP32_DRONE: Gyr_rawX: 20.28, Gyr_rawY: -13.60, Acc_rawX: -0.86, Acc_rawY: -0.39, Acc_rawZ: 0.17[0m
[0;32mI (7270) ESP32_DRONE: Gyr_rawX: 99.19, Gyr_rawY: 35.18, Acc_rawX: 0.04, Acc_rawY: 0.52, Acc_rawZ: 0.84[0m
[0;32mI (8270) ESP32_DRONE: Gyr_rawX: -113.13, Gyr_rawY: -0.28, Acc_rawX: -0.01, Acc_rawY: -0.01, Acc_rawZ: 1.06[0m
[0;32mI (9270) ESP32_DRONE: Gyr_rawX: 50.92, Gyr_rawY: 9.51, Acc_rawX: 0.54, Acc_rawY: -0.07, Acc_rawZ: 0.89[0m
[0;32mI (10270) ESP32_DRONE: Gyr_rawX: -14.29, Gyr_rawY: -1.07, Acc_rawX: -0.06, Acc_rawY: -0.91, Acc_rawZ: -0.56[0m
[0;32mI (11270) ESP32_DRONE: Gyr_rawX: -17.76, Gyr_rawY: 7.92, Acc_rawX: -0.05, Acc_rawY: -0.09, Acc_rawZ: -1.04[0m
[0;32mI (12270) ESP32_DRONE: Gyr_rawX: 3.82, Gyr_rawY: -1.59, Acc_rawX: -0.04, Acc_rawY: 0.08, Acc_rawZ: -1.07[0m
[0;32mI (13270) ESP32_DRONE: Gyr_rawX: 3.58, Gyr_rawY: -19.52, Acc_rawX: -0.57, Acc_rawY: -0.45, Acc_rawZ: -0.56[0m
[0;32mI (14270) ESP32_DRONE: Gyr_rawX: -13.95, Gyr_rawY: 15.21, Acc_rawX: -0.72, Acc_rawY: -0.47, Acc_rawZ: -0.57[0m
[0;32mI (15270) ESP32_DRONE: Gyr_rawX: -7.64, Gyr_rawY: -5.89, Acc_rawX: -0.03, Acc_rawY: -0.00, Acc_rawZ: -1.05[0m
[0;32mI (16270) ESP32_DRONE: Gyr_rawX: 1.69, Gyr_rawY: -5.86, Acc_rawX: -0.04, Acc_rawY: -0.03, Acc_rawZ: -1.06[0m
[0;32mI (17270) ESP32_DRONE: Gyr_rawX: 2.02, Gyr_rawY: 1.12, Acc_rawX: -0.03, Acc_rawY: -0.01, Acc_rawZ: -1.04[0m
[0;32mI (18270) ESP32_DRONE: Gyr_rawX: -1.45, Gyr_rawY: 2.44, Acc_rawX: -0.04, Acc_rawY: -0.01, Acc_rawZ: -1.07[0m
[0;32mI (19270) ESP32_DRONE: Gyr_rawX: -0.97, Gyr_rawY: -0.13, Acc_rawX: -0.03, Acc_rawY: 0.02, Acc_rawZ: -1.07[0m
[0;32mI (20270) ESP32_DRONE: Gyr_rawX: -1.97, Gyr_rawY: 2.56, Acc_rawX: -0.02, Acc_rawY: 0.01, Acc_rawZ: -1.06[0m
[0;32mI (21270) ESP32_DRONE: Gyr_rawX: -3.56, Gyr_rawY: -0.64, Acc_rawX: -0.02, Acc_rawY: 0.03, Acc_rawZ: -1.09[0m
[0;32mI (22270) ESP32_DRONE: Gyr_rawX: 2.05, Gyr_rawY: -0.00, Acc_rawX: 0.00, Acc_rawY: 0.04, Acc_rawZ: -1.05[0m
[0;32mI (23270) ESP32_DRONE: Gyr_rawX: -6.42, Gyr_rawY: 3.69, Acc_rawX: 0.00, Acc_rawY: 0.03, Acc_rawZ: -1.05[0m
[0;32mI (24270) ESP32_DRONE: Gyr_rawX: 50.89, Gyr_rawY: 11.67, Acc_rawX: 0.14, Acc_rawY: -0.58, Acc_rawZ: 0.85[0m
[0;32mI (25270) ESP32_DRONE: Gyr_rawX: -2.64, Gyr_rawY: -14.55, Acc_rawX: 0.01, Acc_rawY: 0.13, Acc_rawZ: 1.10[0m
[0;32mI (26270) ESP32_DRONE: Gyr_rawX: -0.45, Gyr_rawY: -15.00, Acc_rawX: 0.01, Acc_rawY: 0.05, Acc_rawZ: 0.29[0m
[0;32mI (27270) ESP32_DRONE: Gyr_rawX: -0.11, Gyr_rawY: 0.12, Acc_rawX: -0.05, Acc_rawY: 0.04, Acc_rawZ: 0.97[0m
[0;32mI (28270) ESP32_DRONE: Gyr_rawX: -0.14, Gyr_rawY: -0.34, Acc_rawX: -0.05, Acc_rawY: 0.04, Acc_rawZ: 0.97[0m
[0;32mI (29270) ESP32_DRONE: Gyr_rawX: -0.05, Gyr_rawY: -0.03, Acc_rawX: -0.06, Acc_rawY: 0.05, Acc_rawZ: 0.97[0m
[0;32mI (30270) ESP32_DRONE: Gyr_rawX: 0.01, Gyr_rawY: -0.13, Acc_rawX: -0.06, Acc_rawY: 0.04, Acc_rawZ: 0.98[0m
[0;32mI (31270) ESP32_DRONE: Gyr_rawX: -0.14, Gyr_rawY: -0.34, Acc_rawX: -0.06, Acc_rawY: 0.04, Acc_rawZ: 0.97[0m
[0;32mI (32270) ESP32_DRONE: Gyr_rawX: 0.10, Gyr_rawY: 0.12, Acc_rawX: -0.05, Acc_rawY: 0.05, Acc_rawZ: 0.97[0m
[0;32mI (33270) ESP32_DRONE: Gyr_rawX: 0.01, Gyr_rawY: 0.18, Acc_rawX: -0.06, Acc_rawY: 0.04, Acc_rawZ: 0.97[0m
[0;32mI (34270) ESP32_DRONE: Gyr_rawX: -0.02, Gyr_rawY: 0.09, Acc_rawX: -0.06, Acc_rawY: 0.04, Acc_rawZ: 0.98[0m
[0;32mI (35270) ESP32_DRONE: Gyr_rawX: -0.20, Gyr_rawY: 0.30, Acc_rawX: -0.06, Acc_rawY: 0.04, Acc_rawZ: 0.97[0m
[0;32mI (36270) ESP32_DRONE: Gyr_rawX: -0.02, Gyr_rawY: 0.09, Acc_rawX: -0.05, Acc_rawY: 0.04, Acc_rawZ: 0.98[0m
[0;32mI (37270) ESP32_DRONE: Gyr_rawX: 0.04, Gyr_rawY: 0.09, Acc_rawX: -0.06, Acc_rawY: 0.04, Acc_rawZ: 0.97[0m
[0;32mI (38270) ESP32_DRONE: Gyr_rawX: -0.08, Gyr_rawY: -0.19, Acc_rawX: -0.06, Acc_rawY: 0.04, Acc_rawZ: 0.98[0m
[0;32mI (39270) ESP32_DRONE: Gyr_rawX: -0.08, Gyr_rawY: 0.18, Acc_rawX: -0.05, Acc_rawY: 0.04, Acc_rawZ: 0.98[0m
[0;32mI (40270) ESP32_DRONE: Gyr_rawX: -0.08, Gyr_rawY: 0.09, Acc_rawX: -0.06, Acc_rawY: 0.04, Acc_rawZ: 0.97[0m
[0;32mI (41270) ESP32_DRONE: Gyr_rawX: -0.11, Gyr_rawY: -0.13, Acc_rawX: -0.06, Acc_rawY: 0.05, Acc_rawZ: 0.97[0m
[0;32mI (42270) ESP32_DRONE: Gyr_rawX: -0.17, Gyr_rawY: -0.00, Acc_rawX: -0.06, Acc_rawY: 0.04, Acc_rawZ: 0.97[0m
[0;32mI (43270) ESP32_DRONE: Gyr_rawX: -0.11, Gyr_rawY: -0.25, Acc_rawX: -0.06, Acc_rawY: 0.04, Acc_rawZ: 0.98[0m
[0;32mI (44270) ESP32_DRONE: Gyr_rawX: 0.10, Gyr_rawY: 0.15, Acc_rawX: -0.05, Acc_rawY: 0.04, Acc_rawZ: 0.97[0m
[0;32mI (45270) ESP32_DRONE: Gyr_rawX: -0.17, Gyr_rawY: -0.16, Acc_rawX: -0.05, Acc_rawY: 0.04, Acc_rawZ: 0.97[0m
