ï¿½ï¿½ï¿½ï¿½ï¿½ST Offset   Length[0m
[0;32mI (51) boot:  0 nvs              WiFi data        01 02 00009000 00006000[0m
[0;32mI (58) boot:  1 phy_initï¿½[0;32mI (13) boot: ESP-IDF v5.3.1-dirty 2nd stage bootloader[0m
[0;32mI (13) boot: compile time Mar  4 2025 21:06:48[0m
[0;32mI (13) boot: Multicore bootloader[0m
[0;32mI (17) boot: chip revision: v3.1[0m
[0;32mI (21) boot.esp32: SPI Speed      : 40MHz[0m
[0;32mI (26) boot.esp32: SPI Mode       : DIO[0m
[0;32mI (30) boot.esp32: SPI Flash Size : 2MB[0m
[0;32mI (35) boot: Enabling RNG early entropy source...[0m
[0;32mI (40) boot: Partition Table:[0m
[0;32mI (44) boot: ## Label            Usage          Type ST Offset   Length[0m
[0;32mI (51) boot:  0 nvs              WiFi data        01 02 00009000 00006000[0m
[0;32mI (58) boot:  1 phy_init         RF data          01 01 0000f000 00001000[0m
[0;32mI (66) boot:  2 factory          factory app      00 00 00010000 00100000[0m
[0;32mI (73) boot: End of partition table[0m
[0;32mI (78) esp_image: segment 0: paddr=00010020 vaddr=3f400020 size=244c0h (148672) map[0m
[0;32mI (137) esp_image: segment 1: paddr=000344e8 vaddr=3ffb0000 size=04000h ( 16384) load[0m
[0;32mI (143) esp_image: segment 2: paddr=000384f0 vaddr=40080000 size=07b28h ( 31528) load[0m
[0;32mI (156) esp_image: segment 3: paddr=00040020 vaddr=400d0020 size=96bf4h (617460) map[0m
[0;32mI (368) esp_image: segment 4: paddr=000d6c1c vaddr=40087b28 size=10f88h ( 69512) load[0m
[0;32mI (407) boot: Loaded app from partition at offset 0x10000[0m
[0;32mI (408) boot: Disabling RNG early entropy source...[0m
[0;32mI (420) cpu_start: Multicore app[0m
[0;32mI (428) cpu_start: Pro cpu start user code[0m
[0;32mI (428) cpu_start: cpu freq: 160000000 Hz[0m
[0;32mI (428) app_init: Application information:[0m
[0;32mI (431) app_init: Project name:     main[0m
[0;32mI (435) app_init: App version:      1[0m
[0;32mI (440) app_init: Compile time:     Mar  4 2025 21:05:29[0m
[0;32mI (446) app_init: ELF file SHA256:  c963790cc...[0m
[0;32mI (451) app_init: ESP-IDF:          v5.3.1-dirty[0m
[0;32mI (456) efuse_init: Min chip rev:     v0.0[0m
[0;32mI (461) efuse_init: Max chip rev:     v3.99 [0m
[0;32mI (466) efuse_init: Chip rev:         v3.1[0m
[0;32mI (471) heap_init: Initializing. RAM available for dynamic allocation:[0m
[0;32mI (478) heap_init: At 3FFAE6E0 len 00001920 (6 KiB): DRAM[0m
[0;32mI (484) heap_init: At 3FFB8330 len 00027CD0 (159 KiB): DRAM[0m
[0;32mI (490) heap_init: At 3FFE0440 len 00003AE0 (14 KiB): D/IRAM[0m
[0;32mI (497) heap_init: At 3FFE4350 len 0001BCB0 (111 KiB): D/IRAM[0m
[0;32mI (503) heap_init: At 40098AB0 len 00007550 (29 KiB): IRAM[0m
[0;32mI (511) spi_flash: detected chip: generic[0m
[0;32mI (514) spi_flash: flash io: dio[0m
[0;33mW (518) spi_flash: Detected size(4096k) larger than the size in the binary image header(2048k). Using the size in the binary image header.[0m
[0;33mW (531) i2c: This driver is an old driver, please migrate your application code to adapt `driver/i2c_master.h`[0m
[0;32mI (543) main_task: Started on CPU0[0m
[0;32mI (553) main_task: Calling app_main()[0m
[0;32mI (643) ESP32_DRONE: NVS partition erased[0m
[0;32mI (643) ESP32_DRONE: App Main Started - PID and Angle variables initialized[0m
[0;32mI (663) wifi:wifi driver task: 3ffbff50, prio:23, stack:6656, core=0[0m
[0;32mI (673) wifi:wifi firmware version: ccaebfa[0m
[0;32mI (673) wifi:wifi certification version: v7.0[0m
[0;32mI (673) wifi:config NVS flash: enabled[0m
[0;32mI (673) wifi:config nano formating: disabled[0m
[0;32mI (673) wifi:Init data frame dynamic rx buffer num: 32[0m
[0;32mI (683) wifi:Init static rx mgmt buffer num: 5[0m
[0;32mI (683) wifi:Init management short buffer num: 32[0m
[0;32mI (693) wifi:Init dynamic tx buffer num: 32[0m
[0;32mI (693) wifi:Init static rx buffer size: 1600[0m
[0;32mI (693) wifi:Init static rx buffer num: 10[0m
[0;32mI (703) wifi:Init dynamic rx buffer num: 32[0m
[0;32mI (703) wifi_init: rx ba win: 6[0m
[0;32mI (713) wifi_init: accept mbox: 6[0m
[0;32mI (713) wifi_init: tcpip mbox: 32[0m
[0;32mI (713) wifi_init: udp mbox: 6[0m
[0;32mI (723) wifi_init: tcp mbox: 6[0m
[0;32mI (723) wifi_init: tcp tx win: 5760[0m
[0;32mI (733) wifi_init: tcp rx win: 5760[0m
[0;32mI (733) wifi_init: tcp mss: 1440[0m
[0;32mI (733) wifi_init: WiFi IRAM OP enabled[0m
[0;32mI (743) wifi_init: WiFi RX IRAM OP enabled[0m
[0;33mW (753) wifi:Password length matches WPA2 standards, authmode threshold changes from OPEN to WPA2[0m
[0;32mI (773) phy_init: phy_version 4830,54550f7,Jun 20 2024,14:22:08[0m
[0;33mW (783) phy_init: failed to load RF calibration data (0x1102), falling back to full calibration[0m
[0;33mW (863) phy_init: saving new calibration data because of checksum failure, mode(2)[0m
[0;32mI (883) wifi:mode : sta (f8:b3:b7:20:16:88)[0m
[0;32mI (883) wifi:enable tsf[0m
[0;32mI (893) ESP32_DRONE: MPU6050 Initialized[0m
[0;32mI (893) ESP32_DRONE: Starting Gyro Calibration[0m
[0;32mI (1083) ESP32_DRONE: Gyro Calibration Complete - ErrorX: 44.17, ErrorY: 4.55[0m
[0;32mI (1083) ESP32_DRONE: Starting Accel Calibration[0m
[0;32mI (1313) ESP32_DRONE: Accel Calibration Complete - ErrorX: -1.19, ErrorY: -1.34[0m
[0;32mI (2033) wifi:new:<8,1>, old:<1,0>, ap:<255,255>, sta:<8,1>, prof:1, snd_ch_cfg:0x0[0m
[0;32mI (2043) wifi:state: init -> auth (0xb0)[0m
[0;32mI (2073) wifi:state: auth -> assoc (0x0)[0m
[0;32mI (2123) wifi:state: assoc -> run (0x10)[0m
[0;32mI (2153) wifi:connected with ASELAB, aid = 6, channel 8, 40U, bssid = 6c:3b:6b:04:16:c7[0m
[0;32mI (2153) wifi:security: WPA2-PSK, phy: bgn, rssi: -57[0m
[0;32mI (2173) wifi:pm start, type: 1[0m

[0;32mI (2173) wifi:dp: 1, bi: 102400, li: 3, scale listen interval from 307200 us to 307200 us[0m
[0;32mI (2203) wifi:AP's beacon interval = 102400 us, DTIM period = 1[0m
[0;32mI (2343) wifi:<ba-add>idx:0 (ifx:0, 6c:3b:6b:04:16:c7), tid:0, ssn:3, winSize:64[0m
[0;32mI (3173) esp_netif_handlers: sta ip: 192.168.0.41, mask: 255.255.255.0, gw: 192.168.0.1[0m
[0;32mI (3173) ESP32_DRONE: ESP32 IP Address: 208.92.252.63[0m
[0;32mI (3323) ESP32_DRONE: Motor PWM Configured[0m
[0;32mI (3323) ESP32_DRONE: Control Task Created[0m
[0;32mI (3323) ESP32_DRONE: App Main Initialization Complete[0m
[0;32mI (3323) main_task: Returned from app_main()[0m
[0;32mI (4323) ESP32_DRONE: Initial Throttle set to PWM_MIN_US at task start[0m
[0;32mI (4323) ESP32_DRONE: Control Task Started - PID and Angle variables reset[0m
[0;32mI (4323) ESP32_DRONE: Control Loop Iteration - PID and Angle variables reset at loop start[0m
[0;32mI (4333) ESP32_DRONE: Motors Disarmed via AUX1=0 - PWM set to MIN_US[0m
[0;32mI (5343) ESP32_DRONE: Control Loop Iteration - PID and Angle variables reset at loop start[0m
[0;32mI (5343) ESP32_DRONE: Motors Disarmed via AUX1=0 - PWM set to MIN_US[0m
[0;32mI (6343) ESP32_DRONE: Control Loop Iteration - PID and Angle variables reset at loop start[0m
[0;32mI (6343) ESP32_DRONE: Motors Disarmed via AUX1=0 - PWM set to MIN_US[0m
[0;32mI (7343) ESP32_DRONE: Control Loop Iteration - PID and Angle variables reset at loop start[0m
[0;32mI (7343) ESP32_DRONE: Motors Disarmed via AUX1=0 - PWM set to MIN_US[0m
[0;32mI (8343) ESP32_DRONE: Control Loop Iteration - PID and Angle variables reset at loop start[0m
[0;32mI (8343) ESP32_DRONE: Motors Disarmed via AUX1=0 - PWM set to MIN_US[0m
[0;32mI (9343) ESP32_DRONE: Control Loop Iteration - PID and Angle variables reset at loop start[0m
[0;32mI (9343) ESP32_DRONE: Motors Disarmed via AUX1=0 - PWM set to MIN_US[0m
[0;32mI (10343) ESP32_DRONE: Control Loop Iteration - PID and Angle variables reset at loop start[0m
[0;32mI (10343) ESP32_DRONE: Motors Disarmed via AUX1=0 - PWM set to MIN_US[0m
[0;32mI (11343) ESP32_DRONE: Control Loop Iteration - PID and Angle variables reset at loop start[0m
[0;32mI (11343) ESP32_DRONE: Motors Disarmed via AUX1=0 - PWM set to MIN_US[0m
[0;32mI (12343) ESP32_DRONE: Control Loop Iteration - PID and Angle variables reset at loop start[0m
[0;32mI (12343) ESP32_DRONE: Motors Disarmed via AUX1=0 - PWM set to MIN_US[0m
