ets Jul 29 2019 12:21:46

rst:0x1 (POWERON_RESET),boot:0x13 (SPI_FAST_FLASH_BOOT)
configsip: 0, SPIWP:0xee
clk_drv:0x00,q_drv:0x00,d_drv:0x00,cs0_drv:0x00,hd_drv:0x00,wp_drv:0x00
mode:Dï¿½ets Jul 29 2019 12:21:46

rst:0x1 (POWERON_RESET),boot:0x13 (SPI_FAST_FLASH_BOOT)
configsip: 0, SPIWP:0xee
clk_drv:0x00,q_drv:0x00,d_drv:0x00,cs0_drv:0x00,hd_drv:0x00,wp_drv:0x00
mode:DIO, clock div:2
load:0x3fff0030,len:7176
load:0x40078000,len:15564
ho 0 tail 12 room 4
load:0x40080400,len:4
load:0x40080404,len:3904
entry 0x40080640
[0;32mI (31) boot: ESP-IDF v5.3.1-dirty 2nd stage bootloader[0m
[0;32mI (31) boot: compile time Mar  4 2025 21:06:48[0m
[0;32mI (31) boot: Multicore bootloader[0m
[0;32mI (36) boot: chip revision: v3.0[0m
[0;32mI (40) boot.esp32: SPI Speed      : 40MHz[0m
[0;32mI (44) boot.esp32: SPI Mode       : DIO[0m
[0;32mI (49) boot.esp32: SPI Flash Size : 2MB[0m
[0;32mI (53) boot: Enabling RNG early entropy source...[0m
[0;32mI (59) boot: Partition Table:[0m
[0;32mI (62) boot: ## Label            Usage          Type ST Offset   Length[0m
[0;32mI (70) boot:  0 nvs              WiFi data        01 02 00009000 00006000[0m
[0;32mI (77) boot:  1 phy_init         RF data          01 01 0000f000 00001000[0m
[0;32mI (85) boot:  2 factory          factory app      00 00 00010000 00100000[0m
[0;32mI (92) boot: End of partition table[0m
[0;32mI (96) esp_image: segment 0: paddr=00010020 vaddr=3f400020 size=23e10h (146960) map[0m
[0;32mI (155) esp_image: segment 1: paddr=00033e38 vaddr=3ffb0000 size=03ff0h ( 16368) load[0m
[0;32mI (161) esp_image: segment 2: paddr=00037e30 vaddr=40080000 size=081e8h ( 33256) load[0m
[0;32mI (175) esp_image: segment 3: paddr=00040020 vaddr=400d0020 size=965a0h (615840) map[0m
[0;32mI (386) esp_image: segment 4: paddr=000d65c8 vaddr=400881e8 size=108c8h ( 67784) load[0m
[0;32mI (425) boot: Loaded app from partition at offset 0x10000[0m
[0;32mI (425) boot: Disabling RNG early entropy source...[0m
[0;32mI (437) cpu_start: Multicore app[0m
[0;32mI (446) cpu_start: Pro cpu start user code[0m
[0;32mI (446) cpu_start: cpu freq: 160000000 Hz[0m
[0;32mI (446) app_init: Application information:[0m
[0;32mI (449) app_init: Project name:     main[0m
[0;32mI (453) app_init: App version:      1[0m
[0;32mI (457) app_init: Compile time:     Mar  4 2025 21:05:29[0m
[0;32mI (463) app_init: ELF file SHA256:  c0ee97690...[0m
[0;32mI (469) app_init: ESP-IDF:          v5.3.1-dirty[0m
[0;32mI (474) efuse_init: Min chip rev:     v0.0[0m
[0;32mI (479) efuse_init: Max chip rev:     v3.99 [0m
[0;32mI (484) efuse_init: Chip rev:         v3.0[0m
[0;32mI (489) heap_init: Initializing. RAM available for dynamic allocation:[0m
[0;32mI (496) heap_init: At 3FFAE6E0 len 00001920 (6 KiB): DRAM[0m
[0;32mI (502) heap_init: At 3FFB8330 len 00027CD0 (159 KiB): DRAM[0m
[0;32mI (508) heap_init: At 3FFE0440 len 00003AE0 (14 KiB): D/IRAM[0m
[0;32mI (514) heap_init: At 3FFE4350 len 0001BCB0 (111 KiB): D/IRAM[0m
[0;32mI (521) heap_init: At 40098AB0 len 00007550 (29 KiB): IRAM[0m
[0;32mI (529) spi_flash: detected chip: generic[0m
[0;32mI (532) spi_flash: flash io: dio[0m
[0;33mW (536) spi_flash: Detected size(4096k) larger than the size in the binary image header(2048k). Using the size in the binary image header.[0m
[0;33mW (549) i2c: This driver is an old driver, please migrate your application code to adapt `driver/i2c_master.h`[0m
[0;32mI (560) main_task: Started on CPU0[0m
[0;32mI (570) main_task: Calling app_main()[0m
I (610) wifi:wifi driver task: 3ffc01b4, prio:23, stack:6656, core=0
I (620) wifi:wifi firmware version: ccaebfa
I (620) wifi:wifi certification version: v7.0
I (620) wifi:config NVS flash: enabled
I (620) wifi:config nano formating: disabled
I (630) wifi:Init data frame dynamic rx buffer num: 32
I (630) wifi:Init static rx mgmt buffer num: 5
I (640) wifi:Init management short buffer num: 32
I (640) wifi:Init dynamic tx buffer num: 32
I (650) wifi:Init static rx buffer size: 1600
I (650) wifi:Init static rx buffer num: 10
I (650) wifi:Init dynamic rx buffer num: 32
[0;32mI (660) wifi_init: rx ba win: 6[0m
[0;32mI (660) wifi_init: accept mbox: 6[0m
[0;32mI (660) wifi_init: tcpip mbox: 32[0m
[0;32mI (670) wifi_init: udp mbox: 6[0m
[0;32mI (670) wifi_init: tcp mbox: 6[0m
[0;32mI (680) wifi_init: tcp tx win: 5760[0m
[0;32mI (680) wifi_init: tcp rx win: 5760[0m
[0;32mI (680) wifi_init: tcp mss: 1440[0m
[0;32mI (690) wifi_init: WiFi IRAM OP enabled[0m
[0;32mI (690) wifi_init: WiFi RX IRAM OP enabled[0m
W (700) wifi:Password length matches WPA2 standards, authmode threshold changes from OPEN to WPA2
[0;32mI (710) phy_init: phy_version 4830,54550f7,Jun 20 2024,14:22:08[0m
I (800) wifi:mode : sta (30:c6:f7:44:e2:48)
I (800) wifi:enable tsf
I (810) wifi:new:<11,0>, old:<1,0>, ap:<255,255>, sta:<11,0>, prof:1, snd_ch_cfg:0x0
I (810) wifi:state: init -> auth (0xb0)
I (820) wifi:state: auth -> assoc (0x0)
I (820) wifi:state: assoc -> run (0x10)
I (830) wifi:<ba-add>idx:0 (ifx:0, a0:65:18:c4:b3:8d), tid:0, ssn:0, winSize:64
I (840) wifi:connected with Van Vuong, aid = 4, channel 11, BW20, bssid = a0:65:18:c4:b3:8d
I (850) wifi:security: WPA2-PSK, phy: bgn, rssi: -61
I (850) wifi:pm start, type: 1

I (850) wifi:dp: 1, bi: 102400, li: 3, scale listen interval from 307200 us to 307200 us
I (940) wifi:AP's beacon interval = 102400 us, DTIM period = 1
[0;32mI (1270) ESP32_DRONE: Motors Disarmed[0m
[0;32mI (1270) main_task: Returned from app_main()[0m
[0;32mI (1860) esp_netif_handlers: sta ip: 192.168.1.12, mask: 255.255.255.0, gw: 192.168.1.1[0m
[0;32mI (1860) ESP32_DRONE: ESP32 IP Address: 20.95.252.63[0m
[0;32mI (2270) ESP32_DRONE: Motors Disarmed[0m
[0;32mI (3270) ESP32_DRONE: Motors Disarmed[0m
[0;32mI (4270) ESP32_DRONE: Motors Disarmed[0m
[0;32mI (5270) ESP32_DRONE: Motor 1: 1000.52, Motor 2: 1000.08, Motor 3: 1000.00, Motor 4: 1000.00[0m
[0;32mI (6270) ESP32_DRONE: Motor 1: 1000.42, Motor 2: 1000.00, Motor 3: 1000.00, Motor 4: 1000.08[0m
[0;32mI (7270) ESP32_DRONE: Motor 1: 1000.51, Motor 2: 1000.00, Motor 3: 1000.00, Motor 4: 1000.54[0m
[0;32mI (8270) ESP32_DRONE: Motor 1: 2000.00, Motor 2: 1999.40, Motor 3: 1999.68, Motor 4: 2000.00[0m
[0;32mI (9270) ESP32_DRONE: Motor 1: 2000.00, Motor 2: 1999.71, Motor 3: 1999.71, Motor 4: 2000.00[0m
[0;32mI (10270) ESP32_DRONE: Motor 1: 2000.00, Motor 2: 1999.61, Motor 3: 1999.63, Motor 4: 2000.00[0m
[0;32mI (11270) ESP32_DRONE: Motor 1: 1981.03, Motor 2: 1980.93, Motor 3: 2000.00, Motor 4: 2000.00[0m
[0;32mI (12270) ESP32_DRONE: Motor 1: 1993.38, Motor 2: 1992.93, Motor 3: 2000.00, Motor 4: 2000.00[0m
[0;32mI (13270) ESP32_DRONE: Motor 1: 1993.18, Motor 2: 1992.86, Motor 3: 2000.00, Motor 4: 2000.00[0m
[0;32mI (14270) ESP32_DRONE: Motor 1: 1992.80, Motor 2: 1992.78, Motor 3: 2000.00, Motor 4: 2000.00[0m
[0;32mI (15270) ESP32_DRONE: Motor 1: 2000.00, Motor 2: 2000.00, Motor 3: 1969.00, Motor 4: 1969.83[0m
[0;32mI (16270) ESP32_DRONE: Motor 1: 2000.00, Motor 2: 2000.00, Motor 3: 1992.69, Motor 4: 1993.37[0m
[0;32mI (17270) ESP32_DRONE: Motor 1: 2000.00, Motor 2: 2000.00, Motor 3: 1992.73, Motor 4: 1993.23[0m
[0;32mI (18270) ESP32_DRONE: Motor 1: 2000.00, Motor 2: 2000.00, Motor 3: 1993.02, Motor 4: 1993.29[0m
[0;32mI (19270) ESP32_DRONE: Motor 1: 2000.00, Motor 2: 2000.00, Motor 3: 1992.86, Motor 4: 1993.40[0m
[0;32mI (20270) ESP32_DRONE: Motor 1: 2000.00, Motor 2: 2000.00, Motor 3: 1992.99, Motor 4: 1993.29[0m
[0;32mI (21270) ESP32_DRONE: Motor 1: 1968.65, Motor 2: 2000.00, Motor 3: 2000.00, Motor 4: 1993.16[0m
[0;32mI (22270) ESP32_DRONE: Motor 1: 1993.02, Motor 2: 2000.00, Motor 3: 2000.00, Motor 4: 1993.15[0m
[0;32mI (23270) ESP32_DRONE: Motor 1: 1992.93, Motor 2: 2000.00, Motor 3: 2000.00, Motor 4: 1993.25[0m
[0;32mI (24270) ESP32_DRONE: Motor 1: 2000.00, Motor 2: 1967.98, Motor 3: 1967.75, Motor 4: 2000.00[0m
[0;32mI (25270) ESP32_DRONE: Motor 1: 2000.00, Motor 2: 1992.50, Motor 3: 1992.19, Motor 4: 2000.00[0m
[0;32mI (26270) ESP32_DRONE: Motor 1: 2000.00, Motor 2: 1992.15, Motor 3: 1992.26, Motor 4: 2000.00[0m
[0;32mI (27270) ESP32_DRONE: Motor 1: 1487.97, Motor 2: 1512.19, Motor 3: 1512.03, Motor 4: 1487.81[0m
[0;32mI (28270) ESP32_DRONE: Motor 1: 1000.08, Motor 2: 1000.00, Motor 3: 1000.00, Motor 4: 1000.44[0m
[0;32mI (29270) ESP32_DRONE: Motor 1: 1500.09, Motor 2: 1499.55, Motor 3: 1499.91, Motor 4: 1500.45[0m
[0;32mI (30270) ESP32_DRONE: Motor 1: 1500.39, Motor 2: 1499.39, Motor 3: 1499.61, Motor 4: 1500.61[0m
[0;32mI (31270) ESP32_DRONE: Motor 1: 2000.00, Motor 2: 1999.29, Motor 3: 1999.77, Motor 4: 2000.00[0m
[0;32mI (32270) ESP32_DRONE: Motor 1: 2000.00, Motor 2: 1999.31, Motor 3: 1999.57, Motor 4: 2000.00[0m
[0;32mI (33270) ESP32_DRONE: Motor 1: 2000.00, Motor 2: 1998.65, Motor 3: 1999.77, Motor 4: 2000.00[0m
[0;32mI (34270) ESP32_DRONE: Motor 1: 2000.00, Motor 2: 1999.29, Motor 3: 1999.36, Motor 4: 2000.00[0m
[0;32mI (35270) ESP32_DRONE: Motor 1: 2000.00, Motor 2: 1999.70, Motor 3: 1999.35, Motor 4: 2000.00[0m
[0;32mI (36270) ESP32_DRONE: Motor 1: 2000.00, Motor 2: 1967.90, Motor 3: 1994.92, Motor 4: 2000.00[0m
[0;32mI (37270) ESP32_DRONE: Motor 1: 2000.00, Motor 2: 2000.00, Motor 3: 1991.16, Motor 4: 1854.66[0m
[0;32mI (38270) ESP32_DRONE: Motor 1: 2000.00, Motor 2: 2000.00, Motor 3: 1879.12, Motor 4: 1840.42[0m
[0;32mI (39270) ESP32_DRONE: Motor 1: 2000.00, Motor 2: 2000.00, Motor 3: 1925.54, Motor 4: 1889.40[0m
[0;32mI (40270) ESP32_DRONE: Motor 1: 2000.00, Motor 2: 2000.00, Motor 3: 1944.47, Motor 4: 1906.95[0m
[0;32mI (41270) ESP32_DRONE: Motor 1: 2000.00, Motor 2: 2000.00, Motor 3: 1936.73, Motor 4: 1910.18[0m
[0;32mI (42270) ESP32_DRONE: Motor 1: 2000.00, Motor 2: 2000.00, Motor 3: 1943.88, Motor 4: 1909.29[0m
[0;32mI (43270) ESP32_DRONE: Motor 1: 1614.80, Motor 2: 1646.47, Motor 3: 2000.00, Motor 4: 2000.00[0m
[0;32mI (44270) ESP32_DRONE: Motor 1: 1908.89, Motor 2: 1921.47, Motor 3: 2000.00, Motor 4: 2000.00[0m
[0;32mI (45270) ESP32_DRONE: Motor 1: 1901.68, Motor 2: 1931.82, Motor 3: 2000.00, Motor 4: 2000.00[0m
[0;32mI (46270) ESP32_DRONE: Motor 1: 1908.84, Motor 2: 1931.71, Motor 3: 2000.00, Motor 4: 2000.00[0m
[0;32mI (47270) ESP32_DRONE: Motor 1: 1910.64, Motor 2: 1937.65, Motor 3: 2000.00, Motor 4: 2000.00[0m
[0;32mI (48270) ESP32_DRONE: Motor 1: 1911.68, Motor 2: 1941.63, Motor 3: 2000.00, Motor 4: 2000.00[0m
[0;32mI (49270) ESP32_DRONE: Motor 1: 1890.44, Motor 2: 1955.71, Motor 3: 2000.00, Motor 4: 2000.00[0m
[0;32mI (50270) ESP32_DRONE: Motor 1: 1940.76, Motor 2: 1896.22, Motor 3: 2000.00, Motor 4: 2000.00[0m
[0;32mI (51270) ESP32_DRONE: Motor 1: 1932.08, Motor 2: 1925.82, Motor 3: 2000.00, Motor 4: 2000.00[0m
[0;32mI (52270) ESP32_DRONE: Motor 1: 1923.99, Motor 2: 1925.53, Motor 3: 2000.00, Motor 4: 2000.00[0m
[0;32mI (53270) ESP32_DRONE: Motor 1: 1917.67, Motor 2: 1929.94, Motor 3: 2000.00, Motor 4: 2000.00[0m
[0;32mI (54270) ESP32_DRONE: Motor 1: 1925.55, Motor 2: 1925.20, Motor 3: 2000.00, Motor 4: 2000.00[0m
[0;32mI (55270) ESP32_DRONE: Motor 1: 1846.80, Motor 2: 1982.54, Motor 3: 2000.00, Motor 4: 2000.00[0m
[0;32mI (56270) ESP32_DRONE: Motor 1: 1883.59, Motor 2: 2000.00, Motor 3: 2000.00, Motor 4: 1954.38[0m
[0;32mI (57270) ESP32_DRONE: Motor 1: 1733.00, Motor 2: 2000.00, Motor 3: 2000.00, Motor 4: 1807.04[0m
[0;32mI (58270) ESP32_DRONE: Motor 1: 1858.39, Motor 2: 2000.00, Motor 3: 2000.00, Motor 4: 1913.71[0m
[0;32mI (59270) ESP32_DRONE: Motor 1: 1774.59, Motor 2: 2000.00, Motor 3: 2000.00, Motor 4: 1874.32[0m
[0;32mI (60270) ESP32_DRONE: Motor 1: 1823.99, Motor 2: 2000.00, Motor 3: 2000.00, Motor 4: 1914.18[0m
[0;32mI (61270) ESP32_DRONE: Motor 1: 1825.20, Motor 2: 2000.00, Motor 3: 2000.00, Motor 4: 1908.19[0m
[0;32mI (62270) ESP32_DRONE: Motor 1: 2000.00, Motor 2: 1842.02, Motor 3: 1939.84, Motor 4: 2000.00[0m
[0;32mI (63270) ESP32_DRONE: Motor 1: 2000.00, Motor 2: 1939.93, Motor 3: 1994.87, Motor 4: 2000.00[0m
[0;32mI (64270) ESP32_DRONE: Motor 1: 1926.00, Motor 2: 1931.51, Motor 3: 2000.00, Motor 4: 2000.00[0m
[0;32mI (65270) ESP32_DRONE: Motor 1: 1896.83, Motor 2: 1953.51, Motor 3: 2000.00, Motor 4: 2000.00[0m
[0;32mI (66270) ESP32_DRONE: Motor 1: 2000.00, Motor 2: 1891.64, Motor 3: 1961.79, Motor 4: 2000.00[0m
[0;32mI (67270) ESP32_DRONE: Motor 1: 1987.74, Motor 2: 1928.17, Motor 3: 2000.00, Motor 4: 2000.00[0m
[0;32mI (68270) ESP32_DRONE: Motor 1: 1794.46, Motor 2: 2000.00, Motor 3: 2000.00, Motor 4: 1981.21[0m
[0;32mI (69270) ESP32_DRONE: Motor 1: 1912.76, Motor 2: 1965.37, Motor 3: 2000.00, Motor 4: 2000.00[0m
[0;32mI (70270) ESP32_DRONE: Motor 1: 1914.58, Motor 2: 1966.56, Motor 3: 2000.00, Motor 4: 2000.00[0m
[0;32mI (71270) ESP32_DRONE: Motor 1: 1915.60, Motor 2: 1966.92, Motor 3: 2000.00, Motor 4: 2000.00[0m
[0;32mI (72270) ESP32_DRONE: Motor 1: 1918.08, Motor 2: 1967.71, Motor 3: 2000.00, Motor 4: 2000.00[0m
[0;32mI (73270) ESP32_DRONE: Motor 1: 1919.33, Motor 2: 1968.26, Motor 3: 2000.00, Motor 4: 2000.00[0m
[0;32mI (74270) ESP32_DRONE: Motor 1: 1920.97, Motor 2: 1969.03, Motor 3: 2000.00, Motor 4: 2000.00[0m
[0;32mI (75270) ESP32_DRONE: Motor 1: 1921.94, Motor 2: 1969.33, Motor 3: 2000.00, Motor 4: 2000.00[0m
[0;32mI (76270) ESP32_DRONE: Motor 1: 1923.63, Motor 2: 1969.72, Motor 3: 2000.00, Motor 4: 2000.00[0m
[0;32mI (77270) ESP32_DRONE: Motor 1: 1925.79, Motor 2: 1970.71, Motor 3: 2000.00, Motor 4: 2000.00[0m
[0;32mI (13) boot: ESP-IDF v5.3.1-dirty 2nd stage bootloader[0m
[0;32mI (13) boot: compile time Mar  4 2025 21:06:48[0m
[0;32mI (13) boot: Multicore bootloader[0m
[0;32mI (17) boot: chip revision: v3.0[0m
[0;32mI (21) boot.esp32: SPI Speed      : 40MHz[0m
[0;32mI (26) boot.esp32: SPI Mode       : DIO[0m
[0;32mI (30) boot.esp32: SPI Flash Size : 2MB[0m
[0;32mI (35) boot: Enabling RNG early entropy source...[0m
[0;32mI (40) boot: Partition Table:[0m
[0;32mI (44) boot: ## Label            Usage          Type ST Offset   Length[0m
[0;32mI (51) boot:  0 nvs              WiFi data        01 02 00009000 00006000[0m
[0;32mI (58) boot:  1 phy_init         RF data          01 01 0000f000 00001000[0m
[0;32mI (66) boot:  2 factory          factory app      00 00 00010000 00100000[0m
[0;32mI (73) boot: End of partition table[0m
[0;32mI (78) esp_image: segment 0: paddr=00010020 vaddr=3f400020 size=23e10h (146960) map[0m
[0;32mI (136) esp_image: segment 1: paddr=00033e38 vaddr=3ffb0000 size=03ff0h ( 16368) load[0m
[0;32mI (143) esp_image: segment 2: paddr=00037e30 vaddr=40080000 size=081e8h ( 33256) load[0m
[0;32mI (156) esp_image: segment 3: paddr=00040020 vaddr=400d0020 size=965a0h (615840) map[0m
[0;32mI (367) esp_image: segment 4: paddr=000d65c8 vaddr=400881e8 size=108c8h ( 67784) load[0m
[0;32mI (406) boot: Loaded app from partition at offset 0x10000[0m
[0;32mI (406) boot: Disabling RNG early entropy source...[0m
[0;32mI (418) cpu_start: Multicore app[0m
[0;32mI (427) cpu_start: Pro cpu start user code[0m
[0;32mI (427) cpu_start: cpu freq: 160000000 Hz[0m
[0;32mI (427) app_init: Application information:[0m
[0;32mI (430) app_init: Project name:     main[0m
[0;32mI (434) app_init: App version:      1[0m
[0;32mI (439) app_init: Compile time:     Mar  4 2025 21:05:29[0m
[0;32mI (445) app_init: ELF file SHA256:  c0ee97690...[0m
[0;32mI (450) app_init: ESP-IDF:          v5.3.1-dirty[0m
[0;32mI (455) efuse_init: Min chip rev:     v0.0[0m
[0;32mI (460) efuse_init: Max chip rev:     v3.99 [0m
[0;32mI (465) efuse_init: Chip rev:         v3.0[0m
[0;32mI (470) heap_init: Initializing. RAM available for dynamic allocation:[0m
[0;32mI (477) heap_init: At 3FFAE6E0 len 00001920 (6 KiB): DRAM[0m
[0;32mI (483) heap_init: At 3FFB8330 len 00027CD0 (159 KiB): DRAM[0m
[0;32mI (489) heap_init: At 3FFE0440 len 00003AE0 (14 KiB): D/IRAM[0m
[0;32mI (496) heap_init: At 3FFE4350 len 0001BCB0 (111 KiB): D/IRAM[0m
[0;32mI (502) heap_init: At 40098AB0 len 00007550 (29 KiB): IRAM[0m
[0;32mI (510) spi_flash: detected chip: generic[0m
[0;32mI (513) spi_flash: flash io: dio[0m
[0;33mW (517) spi_flash: Detected size(4096k) larger than the size in the binary image header(2048k). Using the size in the binary image header.[0m
[0;33mW (530) i2c: This driver is an old driver, please migrate your application code to adapt `driver/i2c_master.h`[0m
[0;32mI (541) main_task: Started on CPU0[0m
[0;32mI (551) main_task: Calling app_main()[0m
I (591) wifi:wifi driver task: 3ffc01b4, prio:23, stack:6656, core=0
I (601) wifi:wifi firmware version: ccaebfa
I (601) wifi:wifi certification version: v7.0
I (601) wifi:config NVS flash: enabled
I (601) wifi:config nano formating: disabled
I (611) wifi:Init data frame dynamic rx buffer num: 32
I (611) wifi:Init static rx mgmt buffer num: 5
I (621) wifi:Init management short buffer num: 32
I (621) wifi:Init dynamic tx buffer num: 32
I (631) wifi:Init static rx buffer size: 1600
I (631) wifi:Init static rx buffer num: 10
I (631) wifi:Init dynamic rx buffer num: 32
[0;32mI (641) wifi_init: rx ba win: 6[0m
[0;32mI (641) wifi_init: accept mbox: 6[0m
[0;32mI (641) wifi_init: tcpip mbox: 32[0m
[0;32mI (651) wifi_init: udp mbox: 6[0m
[0;32mI (651) wifi_init: tcp mbox: 6[0m
[0;32mI (661) wifi_init: tcp tx win: 5760[0m
[0;32mI (661) wifi_init: tcp rx win: 5760[0m
[0;32mI (661) wifi_init: tcp mss: 1440[0m
[0;32mI (671) wifi_init: WiFi IRAM OP enabled[0m
[0;32mI (671) wifi_init: WiFi RX IRAM OP enabled[0m
W (681) wifi:Password length matches WPA2 standards, authmode threshold changes from OPEN to WPA2
[0;32mI (691) phy_init: phy_version 4830,54550f7,Jun 20 2024,14:22:08[0m
I (781) wifi:mode : sta (30:c6:f7:44:e2:48)
I (781) wifi:enable tsf
[0;32mI (1211) ESP32_DRONE: Motors Disarmed[0m
[0;32mI (1211) main_task: Returned from app_main()[0m
[0;32mI (2211) ESP32_DRONE: Motors Disarmed[0m
[0;32mI (3211) ESP32_DRONE: Motors Disarmed[0m
[0;32mI (4211) ESP32_DRONE: Motors Disarmed[0m
[0;32mI (5211) ESP32_DRONE: Motors Disarmed[0m
