0x1 (POWERON_RESET),boot:0x13 (SPI_FAST_FLASH_BOOT)
configsip: 0, SPIWP:0xee
clk_drv:0x00,q_drv:0x00,d_drv:0x00,cs0_drvï¿½ets Jul 29 2019 12:21:46

rst:0x1 (POWERON_RESET),boot:0x13 (SPI_FAST_FLASH_BOOT)
configsip: 0, SPIWP:0xee
clk_drv:0x00,q_drv:0x00,d_drv:0x00,cs0_drv:0x00,hd_drv:0x00,wp_drv:0x00
mode:DIO, clock div:2
load:0x3fff0030,len:7176
load:0x40078000,len:15564
ho 0 tail 12 room 4
load:0x40080400,len:4
load:0x40080404,len:3904
entry 0x40080640
[0;32mI (31) boot: ESP-IDF v5.3.1-dirty 2nd stage bootloader[0m
[0;32mI (31) boot: compile time Mar  4 2025 21:06:48[0m
[0;32mI (31) boot: Multicore bootloader[0m
[0;32mI (36) boot: chip revision: v3.0[0m
[0;32mI (40) boot.esp32: SPI Speed      : 40MHz[0m
[0;32mI (44) boot.esp32: SPI Mode       : DIO[0m
[0;32mI (49) boot.esp32: SPI Flash Size : 2MB[0m
[0;32mI (53) boot: Enabling RNG early entropy source...[0m
[0;32mI (59) boot: Partition Table:[0m
[0;32mI (62) boot: ## Label            Usage          Type ST Offset   Length[0m
[0;32mI (70) boot:  0 nvs              WiFi data        01 02 00009000 00006000[0m
[0;32mI (77) boot:  1 phy_init         RF data          01 01 0000f000 00001000[0m
[0;32mI (85) boot:  2 factory          factory app      00 00 00010000 00100000[0m
[0;32mI (92) boot: End of partition table[0m
[0;32mI (96) esp_image: segment 0: paddr=00010020 vaddr=3f400020 size=23e30h (146992) map[0m
[0;32mI (155) esp_image: segment 1: paddr=00033e58 vaddr=3ffb0000 size=03ff0h ( 16368) load[0m
[0;32mI (162) esp_image: segment 2: paddr=00037e50 vaddr=40080000 size=081c8h ( 33224) load[0m
[0;32mI (175) esp_image: segment 3: paddr=00040020 vaddr=400d0020 size=965cch (615884) map[0m
[0;32mI (386) esp_image: segment 4: paddr=000d65f4 vaddr=400881c8 size=108e8h ( 67816) load[0m
[0;32mI (425) boot: Loaded app from partition at offset 0x10000[0m
[0;32mI (425) boot: Disabling RNG early entropy source...[0m
[0;32mI (437) cpu_start: Multicore app[0m
[0;32mI (446) cpu_start: Pro cpu start user code[0m
[0;32mI (446) cpu_start: cpu freq: 160000000 Hz[0m
[0;32mI (446) app_init: Application information:[0m
[0;32mI (449) app_init: Project name:     main[0m
[0;32mI (453) app_init: App version:      1[0m
[0;32mI (458) app_init: Compile time:     Mar  4 2025 21:05:29[0m
[0;32mI (464) app_init: ELF file SHA256:  c83ab9ec8...[0m
[0;32mI (469) app_init: ESP-IDF:          v5.3.1-dirty[0m
[0;32mI (474) efuse_init: Min chip rev:     v0.0[0m
[0;32mI (479) efuse_init: Max chip rev:     v3.99 [0m
[0;32mI (484) efuse_init: Chip rev:         v3.0[0m
[0;32mI (489) heap_init: Initializing. RAM available for dynamic allocation:[0m
[0;32mI (496) heap_init: At 3FFAE6E0 len 00001920 (6 KiB): DRAM[0m
[0;32mI (502) heap_init: At 3FFB8330 len 00027CD0 (159 KiB): DRAM[0m
[0;32mI (508) heap_init: At 3FFE0440 len 00003AE0 (14 KiB): D/IRAM[0m
[0;32mI (514) heap_init: At 3FFE4350 len 0001BCB0 (111 KiB): D/IRAM[0m
[0;32mI (521) heap_init: At 40098AB0 len 00007550 (29 KiB): IRAM[0m
[0;32mI (529) spi_flash: detected chip: generic[0m
[0;32mI (532) spi_flash: flash io: dio[0m
[0;33mW (536) spi_flash: Detected size(4096k) larger than the size in the binary image header(2048k). Using the size in the binary image header.[0m
[0;33mW (549) i2c: This driver is an old driver, please migrate your application code to adapt `driver/i2c_master.h`[0m
[0;32mI (560) main_task: Started on CPU0[0m
[0;32mI (570) main_task: Calling app_main()[0m
I (610) wifi:wifi driver task: 3ffc01b4, prio:23, stack:6656, core=0
I (620) wifi:wifi firmware version: ccaebfa
I (620) wifi:wifi certification version: v7.0
I (620) wifi:config NVS flash: enabled
I (620) wifi:config nano formating: disabled
I (630) wifi:Init data frame dynamic rx buffer num: 32
I (630) wifi:Init static rx mgmt buffer num: 5
I (640) wifi:Init management short buffer num: 32
I (640) wifi:Init dynamic tx buffer num: 32
I (650) wifi:Init static rx buffer size: 1600
I (650) wifi:Init static rx buffer num: 10
I (650) wifi:Init dynamic rx buffer num: 32
[0;32mI (660) wifi_init: rx ba win: 6[0m
[0;32mI (660) wifi_init: accept mbox: 6[0m
[0;32mI (660) wifi_init: tcpip mbox: 32[0m
[0;32mI (670) wifi_init: udp mbox: 6[0m
[0;32mI (670) wifi_init: tcp mbox: 6[0m
[0;32mI (680) wifi_init: tcp tx win: 5760[0m
[0;32mI (680) wifi_init: tcp rx win: 5760[0m
[0;32mI (680) wifi_init: tcp mss: 1440[0m
[0;32mI (690) wifi_init: WiFi IRAM OP enabled[0m
[0;32mI (690) wifi_init: WiFi RX IRAM OP enabled[0m
W (700) wifi:Password length matches WPA2 standards, authmode threshold changes from OPEN to WPA2
[0;32mI (760) phy_init: phy_version 4830,54550f7,Jun 20 2024,14:22:08[0m
I (840) wifi:mode : sta (c8:f0:9e:f2:90:78)
I (840) wifi:enable tsf
I (1170) wifi:new:<1,0>, old:<1,0>, ap:<255,255>, sta:<1,0>, prof:1, snd_ch_cfg:0x0
I (1170) wifi:state: init -> auth (0xb0)
I (1190) wifi:state: auth -> assoc (0x0)
I (1200) wifi:state: assoc -> run (0x10)
I (1220) wifi:connected with MSWifi, aid = 1, channel 1, BW20, bssid = 50:88:11:e0:2d:c6
I (1220) wifi:security: WPA2-PSK, phy: bgn, rssi: -33
I (1240) wifi:pm start, type: 1

I (1240) wifi:dp: 1, bi: 102400, li: 3, scale listen interval from 307200 us to 307200 us
I (1250) wifi:<ba-add>idx:0 (ifx:0, 50:88:11:e0:2d:c6), tid:0, ssn:0, winSize:64
I (1280) wifi:AP's beacon interval = 102400 us, DTIM period = 1
[0;32mI (1620) ESP32_DRONE: Motors Disarmed[0m
[0;32mI (1620) main_task: Returned from app_main()[0m
[0;32mI (2620) ESP32_DRONE: Motors Disarmed[0m
[0;32mI (3620) ESP32_DRONE: Motors Disarmed[0m
I (4600) wifi:<ba-add>idx:1 (ifx:0, 50:88:11:e0:2d:c6), tid:6, ssn:2, winSize:64
[0;32mI (4620) ESP32_DRONE: Motors Disarmed[0m
[0;32mI (5240) esp_netif_handlers: sta ip: 192.168.5.33, mask: 255.255.255.0, gw: 192.168.5.1[0m
[0;32mI (5240) ESP32_DRONE: ESP32 IP Address: 20.95.252.63[0m
[0;32mI (5620) ESP32_DRONE: Motors Disarmed[0m
[0;32mI (6620) ESP32_DRONE: Motors Disarmed[0m
[0;32mI (7620) ESP32_DRONE: Motors Disarmed[0m
[0;32mI (8620) ESP32_DRONE: Motors Disarmed[0m
[0;32mI (9620) ESP32_DRONE: Motors Disarmed[0m
[0;32mI (10620) ESP32_DRONE: Motors Disarmed[0m
[0;32mI (11620) ESP32_DRONE: Motors Disarmed[0m
[0;32mI (12620) ESP32_DRONE: Motors Disarmed[0m
[0;32mI (13620) ESP32_DRONE: Motors Disarmed[0m
[0;32mI (14620) ESP32_DRONE: Motors Disarmed[0m
[0;32mI (15620) ESP32_DRONE: Motors Disarmed[0m
[0;32mI (16620) ESP32_DRONE: Motors Disarmed[0m
[0;32mI (17620) ESP32_DRONE: Motors Disarmed[0m
[0;32mI (18620) ESP32_DRONE: Motors Disarmed[0m
[0;32mI (19620) ESP32_DRONE: Motors Disarmed[0m
[0;32mI (20620) ESP32_DRONE: Motors Disarmed[0m
[0;32mI (21620) ESP32_DRONE: Motors Disarmed[0m
[0;32mI (22620) ESP32_DRONE: Motors Disarmed[0m
[0;32mI (23620) ESP32_DRONE: Motors Disarmed[0m
[0;32mI (24620) ESP32_DRONE: Motors Disarmed[0m
[0;32mI (25620) ESP32_DRONE: Motors Disarmed[0m
[0;32mI (26620) ESP32_DRONE: Motors Disarmed[0m
[0;32mI (27620) ESP32_DRONE: Motors Disarmed[0m
[0;32mI (28620) ESP32_DRONE: Motors Disarmed[0m
[0;32mI (29620) ESP32_DRONE: Motors Disarmed[0m
[0;32mI (30620) ESP32_DRONE: Motors Disarmed[0m
[0;32mI (31620) ESP32_DRONE: Motors Disarmed[0m
[0;32mI (32620) ESP32_DRONE: Motors Disarmed[0m
[0;32mI (33620) ESP32_DRONE: Motors Disarmed[0m
[0;32mI (34620) ESP32_DRONE: Motors Disarmed[0m
[0;32mI (35620) ESP32_DRONE: Gyr_rawX: 0.30, Gyr_rawY: -0.10, Acc_rawX: -0.06, Acc_rawY: 0.01, Acc_rawZ: 0.99[0m
[0;32mI (36620) ESP32_DRONE: Gyr_rawX: -6.62, Gyr_rawY: 62.94, Acc_rawX: -0.44, Acc_rawY: -0.18, Acc_rawZ: 0.90[0m
[0;32mI (37620) ESP32_DRONE: Gyr_rawX: 66.03, Gyr_rawY: 15.41, Acc_rawX: 0.71, Acc_rawY: 0.45, Acc_rawZ: 0.76[0m
[0;32mI (38620) ESP32_DRONE: Gyr_rawX: 5.42, Gyr_rawY: 76.66, Acc_rawX: -0.54, Acc_rawY: 0.83, Acc_rawZ: -0.23[0m
[0;32mI (39620) ESP32_DRONE: Gyr_rawX: -2.57, Gyr_rawY: -9.10, Acc_rawX: -0.50, Acc_rawY: 0.65, Acc_rawZ: 0.94[0m
[0;32mI (40620) ESP32_DRONE: Gyr_rawX: 48.59, Gyr_rawY: 20.63, Acc_rawX: 0.90, Acc_rawY: 0.47, Acc_rawZ: 0.18[0m
[0;32mI (41620) ESP32_DRONE: Gyr_rawX: -130.98, Gyr_rawY: 17.88, Acc_rawX: 0.25, Acc_rawY: -0.53, Acc_rawZ: 1.34[0m
[0;32mI (42620) ESP32_DRONE: Gyr_rawX: 14.02, Gyr_rawY: 19.93, Acc_rawX: -1.10, Acc_rawY: 0.52, Acc_rawZ: -0.34[0m
[0;32mI (43620) ESP32_DRONE: Gyr_rawX: 14.81, Gyr_rawY: -32.36, Acc_rawX: 0.76, Acc_rawY: 0.28, Acc_rawZ: 0.74[0m
[0;32mI (44620) ESP32_DRONE: Gyr_rawX: 11.64, Gyr_rawY: 39.01, Acc_rawX: 0.11, Acc_rawY: 0.11, Acc_rawZ: 0.62[0m
[0;32mI (45620) ESP32_DRONE: Gyr_rawX: -0.19, Gyr_rawY: -0.10, Acc_rawX: -0.07, Acc_rawY: 0.03, Acc_rawZ: 0.97[0m
[0;32mI (46620) ESP32_DRONE: Gyr_rawX: -0.16, Gyr_rawY: -0.10, Acc_rawX: -0.07, Acc_rawY: 0.03, Acc_rawZ: 0.98[0m
[0;32mI (47620) ESP32_DRONE: Gyr_rawX: -0.16, Gyr_rawY: 0.05, Acc_rawX: -0.07, Acc_rawY: 0.04, Acc_rawZ: 0.97[0m
[0;32mI (48620) ESP32_DRONE: Gyr_rawX: -0.04, Gyr_rawY: 0.38, Acc_rawX: -0.07, Acc_rawY: 0.03, Acc_rawZ: 0.98[0m
