OT)
configsip: 0, SPIWP:0xee
clk_drv:0x00,q_drv:0x00,d_drv:0x00,cs0_drv:0x00,hd_drv:0x00,wp_drv:0x00
mode:DIO, clock div:2
load:0x3fff0030,len:7176
load:0x40�ets Jul 29 2019 12:21:46

rst:0x1 (POWERON_RESET),boot:0x13 (SPI_FAST_FLASH_BOOT)
configsip: 0, SPIWP:0xee
clk_drv:0x00,q_drv:0x00,d_drv:0x00,cs0_drv:0x00,hd_drv:0x00,wp_drv:0x00
mode:DIO, clock div:2
load:0x3fff0030,len:7176
load:0x40078000,len:15564
ho 0 tail 12 room 4
load:0x40080400,len:4
load:0x40080404,len:3904
entry 0x40080640
[0;32mI (31) boot: ESP-IDF v5.3.1-dirty 2nd stage bootloader[0m
[0;32mI (31) boot: compile time Feb 22 2025 15:40:54[0m
[0;32mI (31) boot: Multicore bootloader[0m
[0;32mI (36) boot: chip revision: v3.1[0m
[0;32mI (40) boot.esp32: SPI Speed      : 40MHz[0m
[0;32mI (44) boot.esp32: SPI Mode       : DIO[0m
[0;32mI (49) boot.esp32: SPI Flash Size : 2MB[0m
[0;32mI (53) boot: Enabling RNG early entropy source...[0m
[0;32mI (59) boot: Partition Table:[0m
[0;32mI (62) boot: ## Label            Usage          Type ST Offset   Length[0m
[0;32mI (70) boot:  0 nvs              WiFi data        01 02 00009000 00006000[0m
[0;32mI (77) boot:  1 phy_init         RF data          01 01 0000f000 00001000[0m
[0;32mI (85) boot:  2 factory          factory app      00 00 00010000 00100000[0m
[0;32mI (92) boot: End of partition table[0m
[0;32mI (96) esp_image: segment 0: paddr=00010020 vaddr=3f400020 size=23ad8h (146136) map[0m
[0;32mI (155) esp_image: segment 1: paddr=00033b00 vaddr=3ffb0000 size=03fc0h ( 16320) load[0m
[0;32mI (161) esp_image: segment 2: paddr=00037ac8 vaddr=40080000 size=08550h ( 34128) load[0m
[0;32mI (175) esp_image: segment 3: paddr=00040020 vaddr=400d0020 size=94748h (608072) map[0m
[0;32mI (383) esp_image: segment 4: paddr=000d4770 vaddr=40088550 size=10560h ( 66912) load[0m
[0;32mI (422) boot: Loaded app from partition at offset 0x10000[0m
[0;32mI (422) boot: Disabling RNG early entropy source...[0m
[0;32mI (434) cpu_start: Multicore app[0m
[0;32mI (443) cpu_start: Pro cpu start user code[0m
[0;32mI (443) cpu_start: cpu freq: 160000000 Hz[0m
[0;32mI (443) app_init: Application information:[0m
[0;32mI (446) app_init: Project name:     main[0m
[0;32mI (450) app_init: App version:      1[0m
[0;32mI (454) app_init: Compile time:     Feb 22 2025 15:40:05[0m
[0;32mI (460) app_init: ELF file SHA256:  8cc19412b...[0m
[0;32mI (466) app_init: ESP-IDF:          v5.3.1-dirty[0m
[0;32mI (471) efuse_init: Min chip rev:     v0.0[0m
[0;32mI (476) efuse_init: Max chip rev:     v3.99 [0m
[0;32mI (481) efuse_init: Chip rev:         v3.1[0m
[0;32mI (486) heap_init: Initializing. RAM available for dynamic allocation:[0m
[0;32mI (493) heap_init: At 3FFAE6E0 len 00001920 (6 KiB): DRAM[0m
[0;32mI (499) heap_init: At 3FFB8260 len 00027DA0 (159 KiB): DRAM[0m
[0;32mI (505) heap_init: At 3FFE0440 len 00003AE0 (14 KiB): D/IRAM[0m
[0;32mI (511) heap_init: At 3FFE4350 len 0001BCB0 (111 KiB): D/IRAM[0m
[0;32mI (518) heap_init: At 40098AB0 len 00007550 (29 KiB): IRAM[0m
[0;32mI (526) spi_flash: detected chip: generic[0m
[0;32mI (529) spi_flash: flash io: dio[0m
[0;33mW (533) spi_flash: Detected size(4096k) larger than the size in the binary image header(2048k). Using the size in the binary image header.[0m
[0;33mW (546) i2c: This driver is an old driver, please migrate your application code to adapt `driver/i2c_master.h`[0m
[0;32mI (557) main_task: Started on CPU0[0m
[0;32mI (567) main_task: Calling app_main()[0m
I (597) wifi:wifi driver task: 3ffbffe4, prio:23, stack:6656, core=0
I (607) wifi:wifi firmware version: ccaebfa
I (607) wifi:wifi certification version: v7.0
I (607) wifi:config NVS flash: enabled
I (607) wifi:config nano formating: disabled
I (607) wifi:Init data frame dynamic rx buffer num: 32
I (617) wifi:Init static rx mgmt buffer num: 5
I (617) wifi:Init management short buffer num: 32
I (627) wifi:Init dynamic tx buffer num: 32
I (627) wifi:Init static rx buffer size: 1600
I (637) wifi:Init static rx buffer num: 10
I (637) wifi:Init dynamic rx buffer num: 32
[0;32mI (637) wifi_init: rx ba win: 6[0m
[0;32mI (647) wifi_init: accept mbox: 6[0m
[0;32mI (647) wifi_init: tcpip mbox: 32[0m
[0;32mI (657) wifi_init: udp mbox: 6[0m
[0;32mI (657) wifi_init: tcp mbox: 6[0m
[0;32mI (657) wifi_init: tcp tx win: 5760[0m
[0;32mI (667) wifi_init: tcp rx win: 5760[0m
[0;32mI (667) wifi_init: tcp mss: 1440[0m
[0;32mI (667) wifi_init: WiFi IRAM OP enabled[0m
[0;32mI (677) wifi_init: WiFi RX IRAM OP enabled[0m
W (687) wifi:Password length matches WPA2 standards, authmode threshold changes from OPEN to WPA2
[0;32mI (687) phy_init: phy_version 4830,54550f7,Jun 20 2024,14:22:08[0m
I (767) wifi:mode : sta (3c:8a:1f:09:66:00)
I (767) wifi:enable tsf
[0;32mI (767) NETWORK: Connecting to WiFi...[0m
[0;32mI (777) NETWORK: Waiting for IP address...[0m
I (777) wifi:new:<11,0>, old:<1,0>, ap:<255,255>, sta:<11,0>, prof:1, snd_ch_cfg:0x0
I (787) wifi:state: init -> auth (0xb0)
I (787) wifi:state: auth -> assoc (0x0)
I (797) wifi:state: assoc -> run (0x10)
I (807) wifi:<ba-add>idx:0 (ifx:0, a0:65:18:c4:b3:8d), tid:0, ssn:0, winSize:64
I (817) wifi:connected with Van Vuong, aid = 7, channel 11, BW20, bssid = a0:65:18:c4:b3:8d
I (817) wifi:security: WPA2-PSK, phy: bgn, rssi: -73
I (817) wifi:pm start, type: 1

I (817) wifi:dp: 1, bi: 102400, li: 3, scale listen interval from 307200 us to 307200 us
I (837) wifi:AP's beacon interval = 102400 us, DTIM period = 1
[0;32mI (1827) esp_netif_handlers: sta ip: 192.168.1.7, mask: 255.255.255.0, gw: 192.168.1.1[0m
[0;32mI (1827) NETWORK: ESP32 IP Address: 68.93.252.63[0m
[0;32mI (5777) ESP_NOW_RECEIVER: Web Server started, ready to receive joystick data.[0m
